// Jest Snapshot v1, https://goo.gl/fbAQLP

exports[`hedera currency bridge scanAccounts hedera seed 1 1`] = `
Array [
  Object {
    "balance": "6760",
    "currencyId": "hedera",
    "derivationMode": "hederaBip44",
    "freshAddress": "0.0.751515",
    "freshAddressPath": "44/3030",
    "freshAddresses": Array [
      Object {
        "address": "0.0.751515",
        "derivationPath": "44/3030",
      },
    ],
    "id": "js:2:hedera:0.0.751515:hederaBip44",
    "index": 0,
    "name": "Hedera 1",
    "nfts": undefined,
    "operationsCount": 5,
    "pendingOperations": Array [],
    "seedIdentifier": "e645c093bab64b4d076e82a85fd11bbfac24af0d827e7dafa8c49e04395970eb",
    "spendableBalance": "6760",
    "starred": false,
    "swapHistory": Array [],
    "syncHash": undefined,
    "unitMagnitude": 8,
    "used": true,
  },
  Object {
    "balance": "2060089554",
    "currencyId": "hedera",
    "derivationMode": "hederaBip44",
    "freshAddress": "0.0.751518",
    "freshAddressPath": "44/3030",
    "freshAddresses": Array [
      Object {
        "address": "0.0.751518",
        "derivationPath": "44/3030",
      },
    ],
    "id": "js:2:hedera:0.0.751518:hederaBip44",
    "index": 1,
    "name": "Hedera 2",
    "nfts": undefined,
    "operationsCount": 25,
    "pendingOperations": Array [],
    "seedIdentifier": "e645c093bab64b4d076e82a85fd11bbfac24af0d827e7dafa8c49e04395970eb",
    "spendableBalance": "2060089554",
    "starred": false,
    "swapHistory": Array [],
    "syncHash": undefined,
    "unitMagnitude": 8,
    "used": true,
  },
  Object {
    "balance": "938404243",
    "currencyId": "hedera",
    "derivationMode": "hederaBip44",
    "freshAddress": "0.0.751521",
    "freshAddressPath": "44/3030",
    "freshAddresses": Array [
      Object {
        "address": "0.0.751521",
        "derivationPath": "44/3030",
      },
    ],
    "id": "js:2:hedera:0.0.751521:hederaBip44",
    "index": 2,
    "name": "Hedera 3",
    "nfts": undefined,
    "operationsCount": 25,
    "pendingOperations": Array [],
    "seedIdentifier": "e645c093bab64b4d076e82a85fd11bbfac24af0d827e7dafa8c49e04395970eb",
    "spendableBalance": "938404243",
    "starred": false,
    "swapHistory": Array [],
    "syncHash": undefined,
    "unitMagnitude": 8,
    "used": true,
  },
]
`;

exports[`hedera currency bridge scanAccounts hedera seed 1 2`] = `
Array [
  Array [
    Object {
      "accountId": "js:2:hedera:0.0.751515:hederaBip44",
      "blockHash": null,
      "blockHeight": 5,
      "contract": undefined,
      "extra": Object {
        "consensus_timestamp": "1650004515.698635000",
      },
      "fee": "51556",
      "hash": "-bSnSuKgiGvaV2umdgoHIr9Xg_3fdsvXcskslpufURXJHXul96oE1N2nJ9uYQe0K",
      "id": "js:2:hedera:0.0.751515:hederaBip44--bSnSuKgiGvaV2umdgoHIr9Xg_3fdsvXcskslpufURXJHXul96oE1N2nJ9uYQe0K-OUT",
      "operator": undefined,
      "recipients": Array [
        "0.0.751518",
      ],
      "senders": Array [
        "0.0.751515",
      ],
      "standard": undefined,
      "tokenId": undefined,
      "type": "OUT",
      "value": "490037422",
    },
    Object {
      "accountId": "js:2:hedera:0.0.751515:hederaBip44",
      "blockHash": null,
      "blockHeight": 5,
      "contract": undefined,
      "extra": Object {
        "consensus_timestamp": "1646773776.748104000",
      },
      "fee": "24516267",
      "hash": "10fIrrpPjFSNP2NZiYQqD_PPFkaHGCjCJIlcteuU8SU-ML0A6gUsGFC_VXIUTi9x",
      "id": "js:2:hedera:0.0.751515:hederaBip44-10fIrrpPjFSNP2NZiYQqD_PPFkaHGCjCJIlcteuU8SU-ML0A6gUsGFC_VXIUTi9x-IN",
      "operator": undefined,
      "recipients": Array [
        "0.0.751515",
      ],
      "senders": Array [
        "0.0.1001",
      ],
      "standard": undefined,
      "tokenId": undefined,
      "type": "IN",
      "value": "1",
    },
    Object {
      "accountId": "js:2:hedera:0.0.751515:hederaBip44",
      "blockHash": null,
      "blockHeight": 5,
      "contract": undefined,
      "extra": Object {
        "consensus_timestamp": "1649925208.853624505",
      },
      "fee": "51556",
      "hash": "6P211igC0nXfQ4lKbrY4BilsKMxq1W1BmZDHpVuFnyNtVG3tL1yJ_WtBGYlndLDg",
      "id": "js:2:hedera:0.0.751515:hederaBip44-6P211igC0nXfQ4lKbrY4BilsKMxq1W1BmZDHpVuFnyNtVG3tL1yJ_WtBGYlndLDg-OUT",
      "operator": undefined,
      "recipients": Array [
        "0.0.751521",
      ],
      "senders": Array [
        "0.0.751515",
      ],
      "standard": undefined,
      "tokenId": undefined,
      "type": "OUT",
      "value": "509847535",
    },
    Object {
      "accountId": "js:2:hedera:0.0.751515:hederaBip44",
      "blockHash": null,
      "blockHeight": 5,
      "contract": undefined,
      "extra": Object {
        "consensus_timestamp": "1651596382.744085405",
      },
      "fee": "51556",
      "hash": "DIWgv6ZO8WqfK9cjyf_Lli6EgywZGli9GOBjVF0mxfyojyksg_BB1Guen-gfsVYZ",
      "id": "js:2:hedera:0.0.751515:hederaBip44-DIWgv6ZO8WqfK9cjyf_Lli6EgywZGli9GOBjVF0mxfyojyksg_BB1Guen-gfsVYZ-OUT",
      "operator": undefined,
      "recipients": Array [
        "0.0.751518",
      ],
      "senders": Array [
        "0.0.751515",
      ],
      "standard": undefined,
      "tokenId": undefined,
      "type": "OUT",
      "value": "108284",
    },
    Object {
      "accountId": "js:2:hedera:0.0.751515:hederaBip44",
      "blockHash": null,
      "blockHeight": 5,
      "contract": undefined,
      "extra": Object {
        "consensus_timestamp": "1646773837.462422203",
      },
      "fee": "49385",
      "hash": "wrA3a1fGLrysTSWGIs5FHWmfEMAaIx7Dcm3zkS667j-DWS7rFuoq6Fhdsy0UKQ4I",
      "id": "js:2:hedera:0.0.751515:hederaBip44-wrA3a1fGLrysTSWGIs5FHWmfEMAaIx7Dcm3zkS667j-DWS7rFuoq6Fhdsy0UKQ4I-IN",
      "operator": undefined,
      "recipients": Array [
        "0.0.751515",
      ],
      "senders": Array [
        "0.0.1001",
      ],
      "standard": undefined,
      "tokenId": undefined,
      "type": "IN",
      "value": "1000000000",
    },
  ],
  Array [
    Object {
      "accountId": "js:2:hedera:0.0.751518:hederaBip44",
      "blockHash": null,
      "blockHeight": 5,
      "contract": undefined,
      "extra": Object {
        "consensus_timestamp": "1646774001.635338288",
      },
      "fee": "49784",
      "hash": "_fjQb1bx56Pw5mNWTU26ddai1cvGvuq_PSpOr8gDB8HBAnaskAmwoFnoAkW8b0NE",
      "id": "js:2:hedera:0.0.751518:hederaBip44-_fjQb1bx56Pw5mNWTU26ddai1cvGvuq_PSpOr8gDB8HBAnaskAmwoFnoAkW8b0NE-IN",
      "operator": undefined,
      "recipients": Array [
        "0.0.751518",
        "0.0.751521",
      ],
      "senders": Array [
        "0.0.1001",
      ],
      "standard": undefined,
      "tokenId": undefined,
      "type": "IN",
      "value": "1000000000",
    },
    Object {
      "accountId": "js:2:hedera:0.0.751518:hederaBip44",
      "blockHash": null,
      "blockHeight": 5,
      "contract": undefined,
      "extra": Object {
        "consensus_timestamp": "1650004595.398078709",
      },
      "fee": "51556",
      "hash": "-8Sln00xZNUDHGuQCJ13dtMNhYbxLFA-w26QjeUh4-F-qjXrdTE-_xrqdMxPbx10",
      "id": "js:2:hedera:0.0.751518:hederaBip44--8Sln00xZNUDHGuQCJ13dtMNhYbxLFA-w26QjeUh4-F-qjXrdTE-_xrqdMxPbx10-IN",
      "operator": undefined,
      "recipients": Array [
        "0.0.751518",
      ],
      "senders": Array [
        "0.0.751521",
      ],
      "standard": undefined,
      "tokenId": undefined,
      "type": "IN",
      "value": "2137796333",
    },
    Object {
      "accountId": "js:2:hedera:0.0.751518:hederaBip44",
      "blockHash": null,
      "blockHeight": 5,
      "contract": undefined,
      "extra": Object {
        "consensus_timestamp": "1650004515.698635000",
      },
      "fee": "51556",
      "hash": "-bSnSuKgiGvaV2umdgoHIr9Xg_3fdsvXcskslpufURXJHXul96oE1N2nJ9uYQe0K",
      "id": "js:2:hedera:0.0.751518:hederaBip44--bSnSuKgiGvaV2umdgoHIr9Xg_3fdsvXcskslpufURXJHXul96oE1N2nJ9uYQe0K-IN",
      "operator": undefined,
      "recipients": Array [
        "0.0.751518",
      ],
      "senders": Array [
        "0.0.751515",
      ],
      "standard": undefined,
      "tokenId": undefined,
      "type": "IN",
      "value": "489985866",
    },
    Object {
      "accountId": "js:2:hedera:0.0.751518:hederaBip44",
      "blockHash": null,
      "blockHeight": 5,
      "contract": undefined,
      "extra": Object {
        "consensus_timestamp": "1649925249.161786758",
      },
      "fee": "51556",
      "hash": "AXUat0qcsAgKWmjmaseSVQn0xHx3Mzk7QSREPEtPu1SJgGrY9pvBbJwTAsK9yHnn",
      "id": "js:2:hedera:0.0.751518:hederaBip44-AXUat0qcsAgKWmjmaseSVQn0xHx3Mzk7QSREPEtPu1SJgGrY9pvBbJwTAsK9yHnn-OUT",
      "operator": undefined,
      "recipients": Array [
        "0.0.751521",
      ],
      "senders": Array [
        "0.0.751518",
      ],
      "standard": undefined,
      "tokenId": undefined,
      "type": "OUT",
      "value": "999884957",
    },
    Object {
      "accountId": "js:2:hedera:0.0.751518:hederaBip44",
      "blockHash": null,
      "blockHeight": 5,
      "contract": undefined,
      "extra": Object {
        "consensus_timestamp": "1651596382.744085405",
      },
      "fee": "51556",
      "hash": "DIWgv6ZO8WqfK9cjyf_Lli6EgywZGli9GOBjVF0mxfyojyksg_BB1Guen-gfsVYZ",
      "id": "js:2:hedera:0.0.751518:hederaBip44-DIWgv6ZO8WqfK9cjyf_Lli6EgywZGli9GOBjVF0mxfyojyksg_BB1Guen-gfsVYZ-IN",
      "operator": undefined,
      "recipients": Array [
        "0.0.751518",
      ],
      "senders": Array [
        "0.0.751515",
      ],
      "standard": undefined,
      "tokenId": undefined,
      "type": "IN",
      "value": "56728",
    },
    Object {
      "accountId": "js:2:hedera:0.0.751518:hederaBip44",
      "blockHash": null,
      "blockHeight": 5,
      "contract": undefined,
      "extra": Object {
        "consensus_timestamp": "1649925289.833646585",
      },
      "fee": "51556",
      "hash": "FvwAfC-d7q41_hCFJ1tXY2v-Hbh7zQEzGwg5qYFL5TP-KsiB73vEewCQe9lXMYdn",
      "id": "js:2:hedera:0.0.751518:hederaBip44-FvwAfC-d7q41_hCFJ1tXY2v-Hbh7zQEzGwg5qYFL5TP-KsiB73vEewCQe9lXMYdn-IN",
      "operator": undefined,
      "recipients": Array [
        "0.0.751518",
      ],
      "senders": Array [
        "0.0.751521",
      ],
      "standard": undefined,
      "tokenId": undefined,
      "type": "IN",
      "value": "1297217873",
    },
    Object {
      "accountId": "js:2:hedera:0.0.751518:hederaBip44",
      "blockHash": null,
      "blockHeight": 5,
      "contract": undefined,
      "extra": Object {
        "consensus_timestamp": "1650004555.544517000",
      },
      "fee": "51556",
      "hash": "GtWaiNXH29rFnTON2YbAthqxX9mcW0WoxUqFBVVpG4_C5DnlW1ZwSTOIWE1um18i",
      "id": "js:2:hedera:0.0.751518:hederaBip44-GtWaiNXH29rFnTON2YbAthqxX9mcW0WoxUqFBVVpG4_C5DnlW1ZwSTOIWE1um18i-OUT",
      "operator": undefined,
      "recipients": Array [
        "0.0.751521",
      ],
      "senders": Array [
        "0.0.751518",
      ],
      "standard": undefined,
      "tokenId": undefined,
      "type": "OUT",
      "value": "925654537",
    },
    Object {
      "accountId": "js:2:hedera:0.0.751518:hederaBip44",
      "blockHash": null,
      "blockHeight": 5,
      "contract": undefined,
      "extra": Object {
        "consensus_timestamp": "1651760432.261493000",
      },
      "fee": "67184",
      "hash": "GwJZYZGV8E6-3WR5g4wAp5qwptaXSJPRDP6q78OCTirvzD4PPf2wkbQ_pKryOa3T",
      "id": "js:2:hedera:0.0.751518:hederaBip44-GwJZYZGV8E6-3WR5g4wAp5qwptaXSJPRDP6q78OCTirvzD4PPf2wkbQ_pKryOa3T-OUT",
      "operator": undefined,
      "recipients": Array [
        "0.0.751521",
      ],
      "senders": Array [
        "0.0.751518",
      ],
      "standard": undefined,
      "tokenId": undefined,
      "type": "OUT",
      "value": "2999005443",
    },
    Object {
      "accountId": "js:2:hedera:0.0.751518:hederaBip44",
      "blockHash": null,
      "blockHeight": 5,
      "contract": undefined,
      "extra": Object {
        "consensus_timestamp": "1651179249.286136000",
      },
      "fee": "51556",
      "hash": "hvx-hZr2QCBuKwpCqUlfIigB_svGYrMCl-6s0_9U2NOvEiHMNsbPwRMJUHR9DVa3",
      "id": "js:2:hedera:0.0.751518:hederaBip44-hvx-hZr2QCBuKwpCqUlfIigB_svGYrMCl-6s0_9U2NOvEiHMNsbPwRMJUHR9DVa3-OUT",
      "operator": undefined,
      "recipients": Array [
        "0.0.751521",
      ],
      "senders": Array [
        "0.0.751518",
      ],
      "standard": undefined,
      "tokenId": undefined,
      "type": "OUT",
      "value": "2999242423",
    },
    Object {
      "accountId": "js:2:hedera:0.0.751518:hederaBip44",
      "blockHash": null,
      "blockHeight": 5,
      "contract": undefined,
      "extra": Object {
        "consensus_timestamp": "1651786848.163756413",
      },
      "fee": "73177",
      "hash": "j6O_sBV5nbOXHvDZD4WOzzVpOAcc8n0ABlW6cSQvt4TLr-1aa5RMRCWf9BwWWOPO",
      "id": "js:2:hedera:0.0.751518:hederaBip44-j6O_sBV5nbOXHvDZD4WOzzVpOAcc8n0ABlW6cSQvt4TLr-1aa5RMRCWf9BwWWOPO-IN",
      "operator": undefined,
      "recipients": Array [
        "0.0.751518",
      ],
      "senders": Array [
        "0.0.751521",
      ],
      "standard": undefined,
      "tokenId": undefined,
      "type": "IN",
      "value": "754832357",
    },
    Object {
      "accountId": "js:2:hedera:0.0.751518:hederaBip44",
      "blockHash": null,
      "blockHeight": 5,
      "contract": undefined,
      "extra": Object {
        "consensus_timestamp": "1651785034.990081000",
      },
      "fee": "73177",
      "hash": "kUcoG_yupBjAovsgEh8fzPptSfojpTi7ThWBMXQv_7dVmKjCVvr41kM3Z4d7DF5S",
      "id": "js:2:hedera:0.0.751518:hederaBip44-kUcoG_yupBjAovsgEh8fzPptSfojpTi7ThWBMXQv_7dVmKjCVvr41kM3Z4d7DF5S-IN",
      "operator": undefined,
      "recipients": Array [
        "0.0.751518",
      ],
      "senders": Array [
        "0.0.751521",
      ],
      "standard": undefined,
      "tokenId": undefined,
      "type": "IN",
      "value": "2998603279",
    },
    Object {
      "accountId": "js:2:hedera:0.0.751518:hederaBip44",
      "blockHash": null,
      "blockHeight": 5,
      "contract": undefined,
      "extra": Object {
        "consensus_timestamp": "1651597333.185006000",
      },
      "fee": "51556",
      "hash": "lqwutyrv4OgtLqpyL-9Gk1A_DUrcePr1cAE5VBvEDLlJ5Rmpyxcx8ZgGwkRaE1JL",
      "id": "js:2:hedera:0.0.751518:hederaBip44-lqwutyrv4OgtLqpyL-9Gk1A_DUrcePr1cAE5VBvEDLlJ5Rmpyxcx8ZgGwkRaE1JL-IN",
      "operator": undefined,
      "recipients": Array [
        "0.0.751518",
      ],
      "senders": Array [
        "0.0.751521",
      ],
      "standard": undefined,
      "tokenId": undefined,
      "type": "IN",
      "value": "1463350578",
    },
    Object {
      "accountId": "js:2:hedera:0.0.751518:hederaBip44",
      "blockHash": null,
      "blockHeight": 5,
      "contract": undefined,
      "extra": Object {
        "consensus_timestamp": "1651596397.619121200",
      },
      "fee": "51556",
      "hash": "lRSnLw1PEQzQ1tpT8Ck3rLjfOG1To-5dqbxPNcgztg2fIm9XcJcpU33xEiIU4gbP",
      "id": "js:2:hedera:0.0.751518:hederaBip44-lRSnLw1PEQzQ1tpT8Ck3rLjfOG1To-5dqbxPNcgztg2fIm9XcJcpU33xEiIU4gbP-OUT",
      "operator": undefined,
      "recipients": Array [
        "0.0.751521",
      ],
      "senders": Array [
        "0.0.751518",
      ],
      "standard": undefined,
      "tokenId": undefined,
      "type": "OUT",
      "value": "740563708",
    },
    Object {
      "accountId": "js:2:hedera:0.0.751518:hederaBip44",
      "blockHash": null,
      "blockHeight": 5,
      "contract": undefined,
      "extra": Object {
        "consensus_timestamp": "1651778704.192886000",
      },
      "fee": "74528",
      "hash": "n6rBYUsbgcHq8Y7PJEaBIhs8OFMJYk_RgfuRzKhXxkUeZL8yRHkDcODdb3bq3-Az",
      "id": "js:2:hedera:0.0.751518:hederaBip44-n6rBYUsbgcHq8Y7PJEaBIhs8OFMJYk_RgfuRzKhXxkUeZL8yRHkDcODdb3bq3-Az-OUT",
      "operator": undefined,
      "recipients": Array [
        "0.0.751521",
      ],
      "senders": Array [
        "0.0.751518",
      ],
      "standard": undefined,
      "tokenId": undefined,
      "type": "OUT",
      "value": "704598494",
    },
    Object {
      "accountId": "js:2:hedera:0.0.751518:hederaBip44",
      "blockHash": null,
      "blockHeight": 5,
      "contract": undefined,
      "extra": Object {
        "consensus_timestamp": "1650930747.414051124",
      },
      "fee": "51556",
      "hash": "OoPpVF2umxoBfcrw1aarxmJhkVbUxMjKA-a6Y9LD7s5FjFM5rdvGJj76EODZP_Bh",
      "id": "js:2:hedera:0.0.751518:hederaBip44-OoPpVF2umxoBfcrw1aarxmJhkVbUxMjKA-a6Y9LD7s5FjFM5rdvGJj76EODZP_Bh-OUT",
      "operator": undefined,
      "recipients": Array [
        "0.0.751521",
      ],
      "senders": Array [
        "0.0.751518",
      ],
      "standard": undefined,
      "tokenId": undefined,
      "type": "OUT",
      "value": "1428494525",
    },
    Object {
      "accountId": "js:2:hedera:0.0.751518:hederaBip44",
      "blockHash": null,
      "blockHeight": 5,
      "contract": undefined,
      "extra": Object {
        "consensus_timestamp": "1651760447.137496028",
      },
      "fee": "67184",
      "hash": "OTfo88rWKwLmyKDXA3iJeU5r68laA6nYFjGBoWZVLMjxA8Xy6QjINqJsB6kzgyJ8",
      "id": "js:2:hedera:0.0.751518:hederaBip44-OTfo88rWKwLmyKDXA3iJeU5r68laA6nYFjGBoWZVLMjxA8Xy6QjINqJsB6kzgyJ8-IN",
      "operator": undefined,
      "recipients": Array [
        "0.0.751518",
      ],
      "senders": Array [
        "0.0.751521",
      ],
      "standard": undefined,
      "tokenId": undefined,
      "type": "IN",
      "value": "1461163302",
    },
    Object {
      "accountId": "js:2:hedera:0.0.751518:hederaBip44",
      "blockHash": null,
      "blockHeight": 5,
      "contract": undefined,
      "extra": Object {
        "consensus_timestamp": "1650930788.331174874",
      },
      "fee": "51556",
      "hash": "ov26cUr7Ojzpc1s4Ew9a-DaDjMUgUHH60e4p00C5lEPXohb0Uvjq4S33KO1d3HHH",
      "id": "js:2:hedera:0.0.751518:hederaBip44-ov26cUr7Ojzpc1s4Ew9a-DaDjMUgUHH60e4p00C5lEPXohb0Uvjq4S33KO1d3HHH-IN",
      "operator": undefined,
      "recipients": Array [
        "0.0.751518",
      ],
      "senders": Array [
        "0.0.751521",
      ],
      "standard": undefined,
      "tokenId": undefined,
      "type": "IN",
      "value": "1428391413",
    },
    Object {
      "accountId": "js:2:hedera:0.0.751518:hederaBip44",
      "blockHash": null,
      "blockHeight": 5,
      "contract": undefined,
      "extra": Object {
        "consensus_timestamp": "1651786833.068307000",
      },
      "fee": "73177",
      "hash": "prbKr21wSTmAfhM4LKSa8o2bQBx1PA5mup-ne4ghB3djXDEm07gSEDjg7VUjIF1g",
      "id": "js:2:hedera:0.0.751518:hederaBip44-prbKr21wSTmAfhM4LKSa8o2bQBx1PA5mup-ne4ghB3djXDEm07gSEDjg7VUjIF1g-OUT",
      "operator": undefined,
      "recipients": Array [
        "0.0.751521",
      ],
      "senders": Array [
        "0.0.751518",
      ],
      "standard": undefined,
      "tokenId": undefined,
      "type": "OUT",
      "value": "1571564624",
    },
    Object {
      "accountId": "js:2:hedera:0.0.751518:hederaBip44",
      "blockHash": null,
      "blockHeight": 5,
      "contract": undefined,
      "extra": Object {
        "consensus_timestamp": "1651597318.193620000",
      },
      "fee": "51556",
      "hash": "qDMKqzIRxsLfM_zHEckLb0SbWj3pahkPu-Ud9YUHaCOAXkqp9B73vmld1Qq6r1F6",
      "id": "js:2:hedera:0.0.751518:hederaBip44-qDMKqzIRxsLfM_zHEckLb0SbWj3pahkPu-Ud9YUHaCOAXkqp9B73vmld1Qq6r1F6-OUT",
      "operator": undefined,
      "recipients": Array [
        "0.0.751521",
      ],
      "senders": Array [
        "0.0.751518",
      ],
      "standard": undefined,
      "tokenId": undefined,
      "type": "OUT",
      "value": "1463453690",
    },
    Object {
      "accountId": "js:2:hedera:0.0.751518:hederaBip44",
      "blockHash": null,
      "blockHeight": 5,
      "contract": undefined,
      "extra": Object {
        "consensus_timestamp": "1651179289.000114978",
      },
      "fee": "51556",
      "hash": "S1cyBjL2PxH8IVidysY2VAgk-k7POqwTd32uvAEcawcySUaGTSuK4_3MELHGezuV",
      "id": "js:2:hedera:0.0.751518:hederaBip44-S1cyBjL2PxH8IVidysY2VAgk-k7POqwTd32uvAEcawcySUaGTSuK4_3MELHGezuV-IN",
      "operator": undefined,
      "recipients": Array [
        "0.0.751518",
      ],
      "senders": Array [
        "0.0.751521",
      ],
      "standard": undefined,
      "tokenId": undefined,
      "type": "IN",
      "value": "1509639666",
    },
    Object {
      "accountId": "js:2:hedera:0.0.751518:hederaBip44",
      "blockHash": null,
      "blockHeight": 5,
      "contract": undefined,
      "extra": Object {
        "consensus_timestamp": "1651778719.425362493",
      },
      "fee": "74528",
      "hash": "urJ4C4_Ko3aWyAlUP6ca9oVRn6K2jL5pxxb5Bov-uVn6wXDasgDnaOXfYUdAYR-b",
      "id": "js:2:hedera:0.0.751518:hederaBip44-urJ4C4_Ko3aWyAlUP6ca9oVRn6K2jL5pxxb5Bov-uVn6wXDasgDnaOXfYUdAYR-b-IN",
      "operator": undefined,
      "recipients": Array [
        "0.0.751518",
      ],
      "senders": Array [
        "0.0.751521",
      ],
      "standard": undefined,
      "tokenId": undefined,
      "type": "IN",
      "value": "2242180183",
    },
    Object {
      "accountId": "js:2:hedera:0.0.751518:hederaBip44",
      "blockHash": null,
      "blockHeight": 5,
      "contract": undefined,
      "extra": Object {
        "consensus_timestamp": "1651785019.097988635",
      },
      "fee": "73177",
      "hash": "vQIv1Pi5rrzWihHTPx_rv-lXC_3wZxqgyNuLX1ODZVG1YWdSEZB3fcCbwMw2aI0b",
      "id": "js:2:hedera:0.0.751518:hederaBip44-vQIv1Pi5rrzWihHTPx_rv-lXC_3wZxqgyNuLX1ODZVG1YWdSEZB3fcCbwMw2aI0b-OUT",
      "operator": undefined,
      "recipients": Array [
        "0.0.751521",
      ],
      "senders": Array [
        "0.0.751518",
      ],
      "standard": undefined,
      "tokenId": undefined,
      "type": "OUT",
      "value": "2998750984",
    },
    Object {
      "accountId": "js:2:hedera:0.0.751518:hederaBip44",
      "blockHash": null,
      "blockHeight": 5,
      "contract": undefined,
      "extra": Object {
        "consensus_timestamp": "1651818223.228149000",
      },
      "fee": "74987",
      "hash": "VU_UQGS8gMj0HDHo0naags8GHKzymNzTz33GrBmJuTBHlz9r7uJLlWxzgf4RQhcH",
      "id": "js:2:hedera:0.0.751518:hederaBip44-VU_UQGS8gMj0HDHo0naags8GHKzymNzTz33GrBmJuTBHlz9r7uJLlWxzgf4RQhcH-IN",
      "operator": undefined,
      "recipients": Array [
        "0.0.751518",
      ],
      "senders": Array [
        "0.0.751521",
      ],
      "standard": undefined,
      "tokenId": undefined,
      "type": "IN",
      "value": "1017701275",
    },
    Object {
      "accountId": "js:2:hedera:0.0.751518:hederaBip44",
      "blockHash": null,
      "blockHeight": 5,
      "contract": undefined,
      "extra": Object {
        "consensus_timestamp": "1651818207.836722891",
      },
      "fee": "74987",
      "hash": "Vxfzq2jGOM686ZSUp0LIjISHB9vXcT83qQudMApKgHQCWC1K4NnPtyP30E0eV4fV",
      "id": "js:2:hedera:0.0.751518:hederaBip44-Vxfzq2jGOM686ZSUp0LIjISHB9vXcT83qQudMApKgHQCWC1K4NnPtyP30E0eV4fV-OUT",
      "operator": undefined,
      "recipients": Array [
        "0.0.751521",
      ],
      "senders": Array [
        "0.0.751518",
      ],
      "standard": undefined,
      "tokenId": undefined,
      "type": "OUT",
      "value": "1139576156",
    },
    Object {
      "accountId": "js:2:hedera:0.0.751518:hederaBip44",
      "blockHash": null,
      "blockHeight": 5,
      "contract": undefined,
      "extra": Object {
        "consensus_timestamp": "1651596412.630694811",
      },
      "fee": "51556",
      "hash": "YzMNWYCc7_LZg6Wmoxlp7wwy5OmJDzH_v1mrc9uYUzCP7bbGBJKUR2OLDiPwBhZO",
      "id": "js:2:hedera:0.0.751518:hederaBip44-YzMNWYCc7_LZg6Wmoxlp7wwy5OmJDzH_v1mrc9uYUzCP7bbGBJKUR2OLDiPwBhZO-IN",
      "operator": undefined,
      "recipients": Array [
        "0.0.751518",
      ],
      "senders": Array [
        "0.0.751521",
      ],
      "standard": undefined,
      "tokenId": undefined,
      "type": "IN",
      "value": "2229960241",
    },
  ],
  Array [
    Object {
      "accountId": "js:2:hedera:0.0.751521:hederaBip44",
      "blockHash": null,
      "blockHeight": 5,
      "contract": undefined,
      "extra": Object {
        "consensus_timestamp": "1646774001.635338288",
      },
      "fee": "49784",
      "hash": "_fjQb1bx56Pw5mNWTU26ddai1cvGvuq_PSpOr8gDB8HBAnaskAmwoFnoAkW8b0NE",
      "id": "js:2:hedera:0.0.751521:hederaBip44-_fjQb1bx56Pw5mNWTU26ddai1cvGvuq_PSpOr8gDB8HBAnaskAmwoFnoAkW8b0NE-IN",
      "operator": undefined,
      "recipients": Array [
        "0.0.751518",
        "0.0.751521",
      ],
      "senders": Array [
        "0.0.1001",
      ],
      "standard": undefined,
      "tokenId": undefined,
      "type": "IN",
      "value": "1000000000",
    },
    Object {
      "accountId": "js:2:hedera:0.0.751521:hederaBip44",
      "blockHash": null,
      "blockHeight": 5,
      "contract": undefined,
      "extra": Object {
        "consensus_timestamp": "1650004595.398078709",
      },
      "fee": "51556",
      "hash": "-8Sln00xZNUDHGuQCJ13dtMNhYbxLFA-w26QjeUh4-F-qjXrdTE-_xrqdMxPbx10",
      "id": "js:2:hedera:0.0.751521:hederaBip44--8Sln00xZNUDHGuQCJ13dtMNhYbxLFA-w26QjeUh4-F-qjXrdTE-_xrqdMxPbx10-OUT",
      "operator": undefined,
      "recipients": Array [
        "0.0.751518",
      ],
      "senders": Array [
        "0.0.751521",
      ],
      "standard": undefined,
      "tokenId": undefined,
      "type": "OUT",
      "value": "2137847889",
    },
    Object {
      "accountId": "js:2:hedera:0.0.751521:hederaBip44",
      "blockHash": null,
      "blockHeight": 5,
      "contract": undefined,
      "extra": Object {
        "consensus_timestamp": "1649925208.853624505",
      },
      "fee": "51556",
      "hash": "6P211igC0nXfQ4lKbrY4BilsKMxq1W1BmZDHpVuFnyNtVG3tL1yJ_WtBGYlndLDg",
      "id": "js:2:hedera:0.0.751521:hederaBip44-6P211igC0nXfQ4lKbrY4BilsKMxq1W1BmZDHpVuFnyNtVG3tL1yJ_WtBGYlndLDg-IN",
      "operator": undefined,
      "recipients": Array [
        "0.0.751521",
      ],
      "senders": Array [
        "0.0.751515",
      ],
      "standard": undefined,
      "tokenId": undefined,
      "type": "IN",
      "value": "509795979",
    },
    Object {
      "accountId": "js:2:hedera:0.0.751521:hederaBip44",
      "blockHash": null,
      "blockHeight": 5,
      "contract": undefined,
      "extra": Object {
        "consensus_timestamp": "1649925249.161786758",
      },
      "fee": "51556",
      "hash": "AXUat0qcsAgKWmjmaseSVQn0xHx3Mzk7QSREPEtPu1SJgGrY9pvBbJwTAsK9yHnn",
      "id": "js:2:hedera:0.0.751521:hederaBip44-AXUat0qcsAgKWmjmaseSVQn0xHx3Mzk7QSREPEtPu1SJgGrY9pvBbJwTAsK9yHnn-IN",
      "operator": undefined,
      "recipients": Array [
        "0.0.751521",
      ],
      "senders": Array [
        "0.0.751518",
      ],
      "standard": undefined,
      "tokenId": undefined,
      "type": "IN",
      "value": "999833401",
    },
    Object {
      "accountId": "js:2:hedera:0.0.751521:hederaBip44",
      "blockHash": null,
      "blockHeight": 5,
      "contract": undefined,
      "extra": Object {
        "consensus_timestamp": "1646773964.014525000",
      },
      "fee": "24516267",
      "hash": "EddS-o9tuoHuO2K75q1cLooUb0hfZtz8-8F4qIszX9PQHnGrLOYUIr8rETw72_rM",
      "id": "js:2:hedera:0.0.751521:hederaBip44-EddS-o9tuoHuO2K75q1cLooUb0hfZtz8-8F4qIszX9PQHnGrLOYUIr8rETw72_rM-IN",
      "operator": undefined,
      "recipients": Array [
        "0.0.751521",
      ],
      "senders": Array [
        "0.0.1001",
      ],
      "standard": undefined,
      "tokenId": undefined,
      "type": "IN",
      "value": "1",
    },
    Object {
      "accountId": "js:2:hedera:0.0.751521:hederaBip44",
      "blockHash": null,
      "blockHeight": 5,
      "contract": undefined,
      "extra": Object {
        "consensus_timestamp": "1649925289.833646585",
      },
      "fee": "51556",
      "hash": "FvwAfC-d7q41_hCFJ1tXY2v-Hbh7zQEzGwg5qYFL5TP-KsiB73vEewCQe9lXMYdn",
      "id": "js:2:hedera:0.0.751521:hederaBip44-FvwAfC-d7q41_hCFJ1tXY2v-Hbh7zQEzGwg5qYFL5TP-KsiB73vEewCQe9lXMYdn-OUT",
      "operator": undefined,
      "recipients": Array [
        "0.0.751518",
      ],
      "senders": Array [
        "0.0.751521",
      ],
      "standard": undefined,
      "tokenId": undefined,
      "type": "OUT",
      "value": "1297269429",
    },
    Object {
      "accountId": "js:2:hedera:0.0.751521:hederaBip44",
      "blockHash": null,
      "blockHeight": 5,
      "contract": undefined,
      "extra": Object {
        "consensus_timestamp": "1650004555.544517000",
      },
      "fee": "51556",
      "hash": "GtWaiNXH29rFnTON2YbAthqxX9mcW0WoxUqFBVVpG4_C5DnlW1ZwSTOIWE1um18i",
      "id": "js:2:hedera:0.0.751521:hederaBip44-GtWaiNXH29rFnTON2YbAthqxX9mcW0WoxUqFBVVpG4_C5DnlW1ZwSTOIWE1um18i-IN",
      "operator": undefined,
      "recipients": Array [
        "0.0.751521",
      ],
      "senders": Array [
        "0.0.751518",
      ],
      "standard": undefined,
      "tokenId": undefined,
      "type": "IN",
      "value": "925602981",
    },
    Object {
      "accountId": "js:2:hedera:0.0.751521:hederaBip44",
      "blockHash": null,
      "blockHeight": 5,
      "contract": undefined,
      "extra": Object {
        "consensus_timestamp": "1651760432.261493000",
      },
      "fee": "67184",
      "hash": "GwJZYZGV8E6-3WR5g4wAp5qwptaXSJPRDP6q78OCTirvzD4PPf2wkbQ_pKryOa3T",
      "id": "js:2:hedera:0.0.751521:hederaBip44-GwJZYZGV8E6-3WR5g4wAp5qwptaXSJPRDP6q78OCTirvzD4PPf2wkbQ_pKryOa3T-IN",
      "operator": undefined,
      "recipients": Array [
        "0.0.751521",
      ],
      "senders": Array [
        "0.0.751518",
      ],
      "standard": undefined,
      "tokenId": undefined,
      "type": "IN",
      "value": "2998938259",
    },
    Object {
      "accountId": "js:2:hedera:0.0.751521:hederaBip44",
      "blockHash": null,
      "blockHeight": 5,
      "contract": undefined,
      "extra": Object {
        "consensus_timestamp": "1651179249.286136000",
      },
      "fee": "51556",
      "hash": "hvx-hZr2QCBuKwpCqUlfIigB_svGYrMCl-6s0_9U2NOvEiHMNsbPwRMJUHR9DVa3",
      "id": "js:2:hedera:0.0.751521:hederaBip44-hvx-hZr2QCBuKwpCqUlfIigB_svGYrMCl-6s0_9U2NOvEiHMNsbPwRMJUHR9DVa3-IN",
      "operator": undefined,
      "recipients": Array [
        "0.0.751521",
      ],
      "senders": Array [
        "0.0.751518",
      ],
      "standard": undefined,
      "tokenId": undefined,
      "type": "IN",
      "value": "2999190867",
    },
    Object {
      "accountId": "js:2:hedera:0.0.751521:hederaBip44",
      "blockHash": null,
      "blockHeight": 5,
      "contract": undefined,
      "extra": Object {
        "consensus_timestamp": "1651786848.163756413",
      },
      "fee": "73177",
      "hash": "j6O_sBV5nbOXHvDZD4WOzzVpOAcc8n0ABlW6cSQvt4TLr-1aa5RMRCWf9BwWWOPO",
      "id": "js:2:hedera:0.0.751521:hederaBip44-j6O_sBV5nbOXHvDZD4WOzzVpOAcc8n0ABlW6cSQvt4TLr-1aa5RMRCWf9BwWWOPO-OUT",
      "operator": undefined,
      "recipients": Array [
        "0.0.751518",
      ],
      "senders": Array [
        "0.0.751521",
      ],
      "standard": undefined,
      "tokenId": undefined,
      "type": "OUT",
      "value": "754905534",
    },
    Object {
      "accountId": "js:2:hedera:0.0.751521:hederaBip44",
      "blockHash": null,
      "blockHeight": 5,
      "contract": undefined,
      "extra": Object {
        "consensus_timestamp": "1651785034.990081000",
      },
      "fee": "73177",
      "hash": "kUcoG_yupBjAovsgEh8fzPptSfojpTi7ThWBMXQv_7dVmKjCVvr41kM3Z4d7DF5S",
      "id": "js:2:hedera:0.0.751521:hederaBip44-kUcoG_yupBjAovsgEh8fzPptSfojpTi7ThWBMXQv_7dVmKjCVvr41kM3Z4d7DF5S-OUT",
      "operator": undefined,
      "recipients": Array [
        "0.0.751518",
      ],
      "senders": Array [
        "0.0.751521",
      ],
      "standard": undefined,
      "tokenId": undefined,
      "type": "OUT",
      "value": "2998676456",
    },
    Object {
      "accountId": "js:2:hedera:0.0.751521:hederaBip44",
      "blockHash": null,
      "blockHeight": 5,
      "contract": undefined,
      "extra": Object {
        "consensus_timestamp": "1651597333.185006000",
      },
      "fee": "51556",
      "hash": "lqwutyrv4OgtLqpyL-9Gk1A_DUrcePr1cAE5VBvEDLlJ5Rmpyxcx8ZgGwkRaE1JL",
      "id": "js:2:hedera:0.0.751521:hederaBip44-lqwutyrv4OgtLqpyL-9Gk1A_DUrcePr1cAE5VBvEDLlJ5Rmpyxcx8ZgGwkRaE1JL-OUT",
      "operator": undefined,
      "recipients": Array [
        "0.0.751518",
      ],
      "senders": Array [
        "0.0.751521",
      ],
      "standard": undefined,
      "tokenId": undefined,
      "type": "OUT",
      "value": "1463402134",
    },
    Object {
      "accountId": "js:2:hedera:0.0.751521:hederaBip44",
      "blockHash": null,
      "blockHeight": 5,
      "contract": undefined,
      "extra": Object {
        "consensus_timestamp": "1651596397.619121200",
      },
      "fee": "51556",
      "hash": "lRSnLw1PEQzQ1tpT8Ck3rLjfOG1To-5dqbxPNcgztg2fIm9XcJcpU33xEiIU4gbP",
      "id": "js:2:hedera:0.0.751521:hederaBip44-lRSnLw1PEQzQ1tpT8Ck3rLjfOG1To-5dqbxPNcgztg2fIm9XcJcpU33xEiIU4gbP-IN",
      "operator": undefined,
      "recipients": Array [
        "0.0.751521",
      ],
      "senders": Array [
        "0.0.751518",
      ],
      "standard": undefined,
      "tokenId": undefined,
      "type": "IN",
      "value": "740512152",
    },
    Object {
      "accountId": "js:2:hedera:0.0.751521:hederaBip44",
      "blockHash": null,
      "blockHeight": 5,
      "contract": undefined,
      "extra": Object {
        "consensus_timestamp": "1651778704.192886000",
      },
      "fee": "74528",
      "hash": "n6rBYUsbgcHq8Y7PJEaBIhs8OFMJYk_RgfuRzKhXxkUeZL8yRHkDcODdb3bq3-Az",
      "id": "js:2:hedera:0.0.751521:hederaBip44-n6rBYUsbgcHq8Y7PJEaBIhs8OFMJYk_RgfuRzKhXxkUeZL8yRHkDcODdb3bq3-Az-IN",
      "operator": undefined,
      "recipients": Array [
        "0.0.751521",
      ],
      "senders": Array [
        "0.0.751518",
      ],
      "standard": undefined,
      "tokenId": undefined,
      "type": "IN",
      "value": "704523966",
    },
    Object {
      "accountId": "js:2:hedera:0.0.751521:hederaBip44",
      "blockHash": null,
      "blockHeight": 5,
      "contract": undefined,
      "extra": Object {
        "consensus_timestamp": "1650930747.414051124",
      },
      "fee": "51556",
      "hash": "OoPpVF2umxoBfcrw1aarxmJhkVbUxMjKA-a6Y9LD7s5FjFM5rdvGJj76EODZP_Bh",
      "id": "js:2:hedera:0.0.751521:hederaBip44-OoPpVF2umxoBfcrw1aarxmJhkVbUxMjKA-a6Y9LD7s5FjFM5rdvGJj76EODZP_Bh-IN",
      "operator": undefined,
      "recipients": Array [
        "0.0.751521",
      ],
      "senders": Array [
        "0.0.751518",
      ],
      "standard": undefined,
      "tokenId": undefined,
      "type": "IN",
      "value": "1428442969",
    },
    Object {
      "accountId": "js:2:hedera:0.0.751521:hederaBip44",
      "blockHash": null,
      "blockHeight": 5,
      "contract": undefined,
      "extra": Object {
        "consensus_timestamp": "1651760447.137496028",
      },
      "fee": "67184",
      "hash": "OTfo88rWKwLmyKDXA3iJeU5r68laA6nYFjGBoWZVLMjxA8Xy6QjINqJsB6kzgyJ8",
      "id": "js:2:hedera:0.0.751521:hederaBip44-OTfo88rWKwLmyKDXA3iJeU5r68laA6nYFjGBoWZVLMjxA8Xy6QjINqJsB6kzgyJ8-OUT",
      "operator": undefined,
      "recipients": Array [
        "0.0.751518",
      ],
      "senders": Array [
        "0.0.751521",
      ],
      "standard": undefined,
      "tokenId": undefined,
      "type": "OUT",
      "value": "1461230486",
    },
    Object {
      "accountId": "js:2:hedera:0.0.751521:hederaBip44",
      "blockHash": null,
      "blockHeight": 5,
      "contract": undefined,
      "extra": Object {
        "consensus_timestamp": "1650930788.331174874",
      },
      "fee": "51556",
      "hash": "ov26cUr7Ojzpc1s4Ew9a-DaDjMUgUHH60e4p00C5lEPXohb0Uvjq4S33KO1d3HHH",
      "id": "js:2:hedera:0.0.751521:hederaBip44-ov26cUr7Ojzpc1s4Ew9a-DaDjMUgUHH60e4p00C5lEPXohb0Uvjq4S33KO1d3HHH-OUT",
      "operator": undefined,
      "recipients": Array [
        "0.0.751518",
      ],
      "senders": Array [
        "0.0.751521",
      ],
      "standard": undefined,
      "tokenId": undefined,
      "type": "OUT",
      "value": "1428442969",
    },
    Object {
      "accountId": "js:2:hedera:0.0.751521:hederaBip44",
      "blockHash": null,
      "blockHeight": 5,
      "contract": undefined,
      "extra": Object {
        "consensus_timestamp": "1651786833.068307000",
      },
      "fee": "73177",
      "hash": "prbKr21wSTmAfhM4LKSa8o2bQBx1PA5mup-ne4ghB3djXDEm07gSEDjg7VUjIF1g",
      "id": "js:2:hedera:0.0.751521:hederaBip44-prbKr21wSTmAfhM4LKSa8o2bQBx1PA5mup-ne4ghB3djXDEm07gSEDjg7VUjIF1g-IN",
      "operator": undefined,
      "recipients": Array [
        "0.0.751521",
      ],
      "senders": Array [
        "0.0.751518",
      ],
      "standard": undefined,
      "tokenId": undefined,
      "type": "IN",
      "value": "1571491447",
    },
    Object {
      "accountId": "js:2:hedera:0.0.751521:hederaBip44",
      "blockHash": null,
      "blockHeight": 5,
      "contract": undefined,
      "extra": Object {
        "consensus_timestamp": "1651597318.193620000",
      },
      "fee": "51556",
      "hash": "qDMKqzIRxsLfM_zHEckLb0SbWj3pahkPu-Ud9YUHaCOAXkqp9B73vmld1Qq6r1F6",
      "id": "js:2:hedera:0.0.751521:hederaBip44-qDMKqzIRxsLfM_zHEckLb0SbWj3pahkPu-Ud9YUHaCOAXkqp9B73vmld1Qq6r1F6-IN",
      "operator": undefined,
      "recipients": Array [
        "0.0.751521",
      ],
      "senders": Array [
        "0.0.751518",
      ],
      "standard": undefined,
      "tokenId": undefined,
      "type": "IN",
      "value": "1463402134",
    },
    Object {
      "accountId": "js:2:hedera:0.0.751521:hederaBip44",
      "blockHash": null,
      "blockHeight": 5,
      "contract": undefined,
      "extra": Object {
        "consensus_timestamp": "1651179289.000114978",
      },
      "fee": "51556",
      "hash": "S1cyBjL2PxH8IVidysY2VAgk-k7POqwTd32uvAEcawcySUaGTSuK4_3MELHGezuV",
      "id": "js:2:hedera:0.0.751521:hederaBip44-S1cyBjL2PxH8IVidysY2VAgk-k7POqwTd32uvAEcawcySUaGTSuK4_3MELHGezuV-OUT",
      "operator": undefined,
      "recipients": Array [
        "0.0.751518",
      ],
      "senders": Array [
        "0.0.751521",
      ],
      "standard": undefined,
      "tokenId": undefined,
      "type": "OUT",
      "value": "1509691222",
    },
    Object {
      "accountId": "js:2:hedera:0.0.751521:hederaBip44",
      "blockHash": null,
      "blockHeight": 5,
      "contract": undefined,
      "extra": Object {
        "consensus_timestamp": "1651778719.425362493",
      },
      "fee": "74528",
      "hash": "urJ4C4_Ko3aWyAlUP6ca9oVRn6K2jL5pxxb5Bov-uVn6wXDasgDnaOXfYUdAYR-b",
      "id": "js:2:hedera:0.0.751521:hederaBip44-urJ4C4_Ko3aWyAlUP6ca9oVRn6K2jL5pxxb5Bov-uVn6wXDasgDnaOXfYUdAYR-b-OUT",
      "operator": undefined,
      "recipients": Array [
        "0.0.751518",
      ],
      "senders": Array [
        "0.0.751521",
      ],
      "standard": undefined,
      "tokenId": undefined,
      "type": "OUT",
      "value": "2242254711",
    },
    Object {
      "accountId": "js:2:hedera:0.0.751521:hederaBip44",
      "blockHash": null,
      "blockHeight": 5,
      "contract": undefined,
      "extra": Object {
        "consensus_timestamp": "1651785019.097988635",
      },
      "fee": "73177",
      "hash": "vQIv1Pi5rrzWihHTPx_rv-lXC_3wZxqgyNuLX1ODZVG1YWdSEZB3fcCbwMw2aI0b",
      "id": "js:2:hedera:0.0.751521:hederaBip44-vQIv1Pi5rrzWihHTPx_rv-lXC_3wZxqgyNuLX1ODZVG1YWdSEZB3fcCbwMw2aI0b-IN",
      "operator": undefined,
      "recipients": Array [
        "0.0.751521",
      ],
      "senders": Array [
        "0.0.751518",
      ],
      "standard": undefined,
      "tokenId": undefined,
      "type": "IN",
      "value": "2998677807",
    },
    Object {
      "accountId": "js:2:hedera:0.0.751521:hederaBip44",
      "blockHash": null,
      "blockHeight": 5,
      "contract": undefined,
      "extra": Object {
        "consensus_timestamp": "1651818223.228149000",
      },
      "fee": "74987",
      "hash": "VU_UQGS8gMj0HDHo0naags8GHKzymNzTz33GrBmJuTBHlz9r7uJLlWxzgf4RQhcH",
      "id": "js:2:hedera:0.0.751521:hederaBip44-VU_UQGS8gMj0HDHo0naags8GHKzymNzTz33GrBmJuTBHlz9r7uJLlWxzgf4RQhcH-OUT",
      "operator": undefined,
      "recipients": Array [
        "0.0.751518",
      ],
      "senders": Array [
        "0.0.751521",
      ],
      "standard": undefined,
      "tokenId": undefined,
      "type": "OUT",
      "value": "1017776262",
    },
    Object {
      "accountId": "js:2:hedera:0.0.751521:hederaBip44",
      "blockHash": null,
      "blockHeight": 5,
      "contract": undefined,
      "extra": Object {
        "consensus_timestamp": "1651818207.836722891",
      },
      "fee": "74987",
      "hash": "Vxfzq2jGOM686ZSUp0LIjISHB9vXcT83qQudMApKgHQCWC1K4NnPtyP30E0eV4fV",
      "id": "js:2:hedera:0.0.751521:hederaBip44-Vxfzq2jGOM686ZSUp0LIjISHB9vXcT83qQudMApKgHQCWC1K4NnPtyP30E0eV4fV-IN",
      "operator": undefined,
      "recipients": Array [
        "0.0.751521",
      ],
      "senders": Array [
        "0.0.751518",
      ],
      "standard": undefined,
      "tokenId": undefined,
      "type": "IN",
      "value": "1139501169",
    },
    Object {
      "accountId": "js:2:hedera:0.0.751521:hederaBip44",
      "blockHash": null,
      "blockHeight": 5,
      "contract": undefined,
      "extra": Object {
        "consensus_timestamp": "1651596412.630694811",
      },
      "fee": "51556",
      "hash": "YzMNWYCc7_LZg6Wmoxlp7wwy5OmJDzH_v1mrc9uYUzCP7bbGBJKUR2OLDiPwBhZO",
      "id": "js:2:hedera:0.0.751521:hederaBip44-YzMNWYCc7_LZg6Wmoxlp7wwy5OmJDzH_v1mrc9uYUzCP7bbGBJKUR2OLDiPwBhZO-OUT",
      "operator": undefined,
      "recipients": Array [
        "0.0.751518",
      ],
      "senders": Array [
        "0.0.751521",
      ],
      "standard": undefined,
      "tokenId": undefined,
      "type": "OUT",
      "value": "2230011797",
    },
  ],
]
`;
