// Jest Snapshot v1, https://goo.gl/fbAQLP

exports[`accountModel encode 1`] = `
Object {
  "data": Object {
    "address": "1fMRCsSbdUNvSUXqLfmmopdgaBfH",
    "archived": false,
    "balance": 80899208,
    "coinType": 2,
    "id": "mock_account_model1",
    "lastBlockHeight": 151735,
    "minConfirmations": 2,
    "name": "9mz4",
    "operations": Array [
      Object {
        "address": "1UwLPeD4pkaorigA9P5jBnMRdb51y8YZ",
        "amount": -11799503,
        "blockHeight": 151728,
        "date": "2018-03-14T15:43:50.624Z",
        "hash": "C20FBDB7C235F4848FC204CC05EF510B5421F191ECF3825AB13ABD5471EF6A38",
        "id": "mock_op_0_mock_account_model1",
      },
      Object {
        "address": "1TnVJXEctWHbJTjkTVeoXsRo5uRPhZbu",
        "amount": -1450931,
        "blockHeight": 151724,
        "date": "2018-03-14T14:44:41.644Z",
        "hash": "0C761ACFFE0AC902391D29FDFBF59E935D254DD66FCB54846A7D7340EE5986B4",
        "id": "mock_op_1_mock_account_model1",
      },
      Object {
        "address": "1KrKTLNnmmwZAUJzz4wbQp4SvUjZGBWsJ",
        "amount": 31795676,
        "blockHeight": 151702,
        "date": "2018-03-14T09:08:31.487Z",
        "hash": "E52AC9E860F9F0ADB75822D23FA54B7CE322D272272C81B71A56531F1AA0344F",
        "id": "mock_op_2_mock_account_model1",
      },
      Object {
        "address": "1NsDGRYHzpzKCWUdaPTXsrTMW2ZMEsfR5",
        "amount": 37816691,
        "blockHeight": 151663,
        "date": "2018-03-13T23:32:44.181Z",
        "hash": "F3F70B62C8C23573B70714CFF5FD63AAA8501089847AD11E952D865020F10DC6",
        "id": "mock_op_3_mock_account_model1",
      },
      Object {
        "address": "1xotKP3BEkTCj9hcd4NgjFCqfB2",
        "amount": 30900267,
        "blockHeight": 151656,
        "date": "2018-03-13T21:39:02.500Z",
        "hash": "1B944F71026C82FDE9420EF0BCF211D0FF8D7963ACB8D0C68A25657A4E1F1D5B",
        "id": "mock_op_4_mock_account_model1",
      },
      Object {
        "address": "1tTyYAyyzB6TY5qCjX1C6veKz3",
        "amount": -2266090,
        "blockHeight": 151649,
        "date": "2018-03-13T19:58:30.123Z",
        "hash": "C6E00566F3E98B1FEB56CCFFFB7E1AEBB3B1E54A3BBDD055773D99BC2E74FE72",
        "id": "mock_op_5_mock_account_model1",
      },
      Object {
        "address": "19y8VXqK4mMFn5NxjKbQfqzz2uA5o",
        "amount": 12296175,
        "blockHeight": 151608,
        "date": "2018-03-13T09:48:27.754Z",
        "hash": "40B9F1551A8E9701D417320D31EF1F6E9BFF00F13167F014F2420016754C44C2",
        "id": "mock_op_6_mock_account_model1",
      },
      Object {
        "address": "1fUxZ4CcekkHUgTGJ9EJZETmzL7U",
        "amount": -18328649,
        "blockHeight": 151604,
        "date": "2018-03-13T08:45:43.795Z",
        "hash": "D66B1AC11D206502200C3FA100FC1EBE0C414A1052061833D8098E7614625305",
        "id": "mock_op_7_mock_account_model1",
      },
      Object {
        "address": "1MnJYFvP8Q7DQtktSxL9hVN4Q6CZVbVrV",
        "amount": -13172374,
        "blockHeight": 151566,
        "date": "2018-03-12T23:17:57.461Z",
        "hash": "DDF2F33BC0AC4820652F9DA9D5409F80F394D5EA2961D83DAF28AF57EDF65E94",
        "id": "mock_op_8_mock_account_model1",
      },
      Object {
        "address": "1b2iQ3Vd6Qjmb6AoCTt91Bw28mN8SJT",
        "amount": -16293922,
        "blockHeight": 151563,
        "date": "2018-03-12T22:31:18.872Z",
        "hash": "D5DC3E17D7E95359EAB72D2BD63E908F28FB7D89A5D96B39167079C60720963D",
        "id": "mock_op_9_mock_account_model1",
      },
      Object {
        "address": "1cJ3PeU9RzzLePJJpsgLiBBbkAT6y33cKY",
        "amount": -1157261,
        "blockHeight": 151543,
        "date": "2018-03-12T17:31:33.286Z",
        "hash": "931C815AE08F5E6335B536ACB852D11DBD7CF11094E600428D5805925F1A277B",
        "id": "mock_op_10_mock_account_model1",
      },
      Object {
        "address": "1iu336WmgD8XPf3b2dVXs2pMC56Gk49J",
        "amount": 12216138,
        "blockHeight": 151543,
        "date": "2018-03-12T17:22:40.728Z",
        "hash": "43D49199CC3CC96FD3E7D2A08F5B7776BF152B9546B41A81DA5F069A30961AFF",
        "id": "mock_op_11_mock_account_model1",
      },
      Object {
        "address": "1tXuzugB8kV62HjLiN23ZvPwGWbSUUuGGS",
        "amount": -14097148,
        "blockHeight": 151530,
        "date": "2018-03-12T14:13:58.212Z",
        "hash": "9B0577803ACEAEB259C924596EAE3968F4CC2F5862F99D221644B6672ADBAB07",
        "id": "mock_op_12_mock_account_model1",
      },
      Object {
        "address": "1BEW4rJAfTTpcWNd45HycySLqo",
        "amount": 19715920,
        "blockHeight": 151530,
        "date": "2018-03-12T14:12:39.285Z",
        "hash": "BD0E42EF2F30D5E187DC1DCEE0AB88AAF1FFECBEBF05DE204BC0D5667319EA4C",
        "id": "mock_op_13_mock_account_model1",
      },
      Object {
        "address": "1PT7U2H5umjnRYJFk8DZ6ewAZS",
        "amount": 13141334,
        "blockHeight": 151529,
        "date": "2018-03-12T13:54:53.589Z",
        "hash": "674525DD5C34D06F5FF18874CC779F233673848F629369DBFFAE08D02CEDAF44",
        "id": "mock_op_14_mock_account_model1",
      },
      Object {
        "address": "1RgjKsvHJrkfVfGNqYkya4tzMCyq7Vzm",
        "amount": 1574432,
        "blockHeight": 151528,
        "date": "2018-03-12T13:41:42.871Z",
        "hash": "A5331EA4F74B797238A0D2AD74DBFA3B9E84C3B93E258852E700B6E789BCA5B2",
        "id": "mock_op_15_mock_account_model1",
      },
      Object {
        "address": "1zyNjuKQGJqWNg1XqbjA7cDwoVt",
        "amount": -582829,
        "blockHeight": 151463,
        "date": "2018-03-11T21:30:33.768Z",
        "hash": "F2CC44D7F1B641C6C58554AA6FEDA5FC92BE62D9BFB495B063E4EC5E0148524F",
        "id": "mock_op_16_mock_account_model1",
      },
      Object {
        "address": "12T54jBpaxZ3sqR1DKjZioXNmK1U2pgnW",
        "amount": 2797306,
        "blockHeight": 151424,
        "date": "2018-03-11T11:47:23.594Z",
        "hash": "11A5FDB746F0EAEB7593B023B73B6A5B77239C90CDADC16F63CD8B9BFA394FA4",
        "id": "mock_op_17_mock_account_model1",
      },
      Object {
        "address": "1E13YMD3FeP9VYBAjN43m4L6hguz96wPkCA",
        "amount": 403981,
        "blockHeight": 151420,
        "date": "2018-03-11T10:44:33.784Z",
        "hash": "18EF1488CCC3B75F18B3CAE79AFE3089EE36F523B1314D3BBA898DB0059B6A0B",
        "id": "mock_op_18_mock_account_model1",
      },
      Object {
        "address": "1UTYMBCxSKrUYyV412mp2xRBJhzVsi9DLC",
        "amount": -51125565,
        "blockHeight": 151399,
        "date": "2018-03-11T05:23:14.659Z",
        "hash": "FE3CC4148D1C07EDAF57791288A1015B91A4406C733292F4C01C1D221DA18C38",
        "id": "mock_op_19_mock_account_model1",
      },
      Object {
        "address": "1oqFrtnuJTA1oj5cHPjYawoJR9WP68b8y",
        "amount": 2957766,
        "blockHeight": 151355,
        "date": "2018-03-10T18:32:58.360Z",
        "hash": "2E7F83904C81B879F0DAA74C521B4AF624AE630DD6CB27864A8C115A4204E74E",
        "id": "mock_op_20_mock_account_model1",
      },
      Object {
        "address": "19Jhbis1cuCBpmGaARS9GZGqxgA9PjszAZ",
        "amount": 1261420,
        "blockHeight": 151354,
        "date": "2018-03-10T18:17:04.373Z",
        "hash": "F6A7312756D0F4DCAE039E3C1D24B53F80472BABFD5661FB96944E76F9F8D5D5",
        "id": "mock_op_21_mock_account_model1",
      },
      Object {
        "address": "1gQYdit3NKc4RQyvaz85a9aBYRErPY",
        "amount": 12082561,
        "blockHeight": 151348,
        "date": "2018-03-10T16:41:30.308Z",
        "hash": "214EECAB84D82EAE61EB478C11223F0F2E82EE46EE69FF36C8FB0A28102E26A7",
        "id": "mock_op_22_mock_account_model1",
      },
      Object {
        "address": "1DtZww1fz2rxRemgwYgKPAKvayJHhSegg",
        "amount": -969476,
        "blockHeight": 151344,
        "date": "2018-03-10T15:45:53.555Z",
        "hash": "6ABA8EE395F9EB9DFE5684C355A7F874D6EC4542E178D360DCC0515D407A720E",
        "id": "mock_op_23_mock_account_model1",
      },
      Object {
        "address": "11roCBAguGAnqzbH2mt1zkBGStvg37",
        "amount": 7440024,
        "blockHeight": 151332,
        "date": "2018-03-10T12:36:49.078Z",
        "hash": "89569842FD0BC53AFB1E3E4237852FDE77A83B4BA492D2B3BCC7AC0738ED373C",
        "id": "mock_op_24_mock_account_model1",
      },
      Object {
        "address": "14W8nBU3HnUAgohHkoFgzFuU8vd5",
        "amount": 9915286,
        "blockHeight": 151285,
        "date": "2018-03-10T00:56:47.541Z",
        "hash": "B40EE8933FCEC7A2EAEF48B36A852C12E4E7898A94ACD56C1A30D13A0BCDB5EC",
        "id": "mock_op_25_mock_account_model1",
      },
      Object {
        "address": "1FmZy71i1qgjPWrA57taZMs5UsSBPet",
        "amount": -1776856,
        "blockHeight": 151268,
        "date": "2018-03-09T20:35:54.877Z",
        "hash": "A651097F8400EBDB98EF9EB0109E7E117F8CB51ED3059477F1F407DEFBAC3EDD",
        "id": "mock_op_26_mock_account_model1",
      },
      Object {
        "address": "1zVSs6VsSL4o7anGb2NbXzAQr49",
        "amount": 12531222,
        "blockHeight": 151258,
        "date": "2018-03-09T18:06:50.726Z",
        "hash": "B8E2A41E94EAF18560B0FC86F5871521E7203A333BAB22F0629AB29E4AF76C16",
        "id": "mock_op_27_mock_account_model1",
      },
      Object {
        "address": "1Qa5HEE2cEgRwCi9EcypizzmdbaMCRv",
        "amount": -20202406,
        "blockHeight": 151199,
        "date": "2018-03-09T03:33:11.230Z",
        "hash": "D7417D316FD952728303967D5327EDD976A3EBB86567E9EDF5E6E14F5DF33251",
        "id": "mock_op_28_mock_account_model1",
      },
      Object {
        "address": "1VYZJcXF3VPUK51QckgffY7uEto",
        "amount": -7254215,
        "blockHeight": 151198,
        "date": "2018-03-09T03:12:35.602Z",
        "hash": "0A9E8A6CD5685968FD8A5179112F94A0A4DE28DB3C0DBDCC157CDE39E856EC88",
        "id": "mock_op_29_mock_account_model1",
      },
      Object {
        "address": "1UZ3X3RiVdm7aem8MBiH3xgsjEFUWQEZUQD",
        "amount": 21705831,
        "blockHeight": 151192,
        "date": "2018-03-09T01:44:32.164Z",
        "hash": "C43CCC28118734AB643CD29A768E14A67C7EC028519334F1D60AE29B4F77575D",
        "id": "mock_op_30_mock_account_model1",
      },
      Object {
        "address": "18HFRsupa3vYG58wEH5eEi5aqKM",
        "amount": 13039238,
        "blockHeight": 151175,
        "date": "2018-03-08T21:33:20.025Z",
        "hash": "FE902D1AD0953185E3A0339BEE972342960F39B25CA07E7D5A91C8710F97C9C6",
        "id": "mock_op_31_mock_account_model1",
      },
      Object {
        "address": "1UhVtaePLKsEnPJdMmwJL6M7hArWHJJ",
        "amount": 5248441,
        "blockHeight": 151162,
        "date": "2018-03-08T18:14:19.990Z",
        "hash": "D32A2C28A3A642BC9FC6CAB4D3C8DDF00EC9ACD54ADD92A4F5572900C4A97EEA",
        "id": "mock_op_32_mock_account_model1",
      },
      Object {
        "address": "1e5dTV91ec9JMZKzej1QvqMs8WT31ES",
        "amount": -1929718,
        "blockHeight": 151149,
        "date": "2018-03-08T14:59:51.154Z",
        "hash": "C322E06EC7D07F3CC21BAE46F353D16233E6DFC3A59B6CF7B8C71DC76CABF327",
        "id": "mock_op_33_mock_account_model1",
      },
      Object {
        "address": "1VmVmmYnc1xAufVRY7dus7cBxHP7bswy",
        "amount": 138885,
        "blockHeight": 151149,
        "date": "2018-03-08T14:56:37.369Z",
        "hash": "0A2A1D6C50DF75D4A5044442F6D254C7EDD46B441B87E516EA8F0E2378733490",
        "id": "mock_op_34_mock_account_model1",
      },
      Object {
        "address": "1zshXWTa6LBC6b74j8LA6JyvYy8n",
        "amount": -7661029,
        "blockHeight": 151132,
        "date": "2018-03-08T10:39:31.359Z",
        "hash": "CACF4D4CB84D30A98DB9539C784F9346913697F9083523FF39AA7A35D4FE8233",
        "id": "mock_op_35_mock_account_model1",
      },
      Object {
        "address": "1phz4kW4U38YP9ma7875PPbMp3Egcyy325",
        "amount": 1988586,
        "blockHeight": 151114,
        "date": "2018-03-08T06:18:14.540Z",
        "hash": "E19131FC7FDC807979374A2CA88C4BCDF26BE507171793A7A95D69C3FFB48278",
        "id": "mock_op_36_mock_account_model1",
      },
    ],
    "operationsSize": 37,
    "unitMagnitude": 8,
    "xpub": "846C2AB2A041454478C4C03B276413E98CCDE690DB1471BB0B013A6A012AB047",
  },
  "version": 0,
}
`;
