// Jest Snapshot v1, https://goo.gl/fbAQLP

exports[`icon currency bridge scanAccounts icon seed 1 1`] = `
[
  {
    "balance": "0",
    "currencyId": "icon",
    "derivationMode": "icon",
    "freshAddress": "hxe7d9b90e866f6e724028242018cbd2b2a021867e",
    "freshAddressPath": "44'/4801368'/0'/0'/0'",
    "iconResources": {
      "nonce": 0,
      "totalDelegated": "0",
      "votingPower": "0",
    },
    "id": "js:2:icon:hxe7d9b90e866f6e724028242018cbd2b2a021867e:icon",
    "index": 0,
    "operationsCount": 0,
    "pendingOperations": [],
    "seedIdentifier": "0405fce29d59eb1e39f6794782ceaea05c6ff8586796f64551b1339ac14ddef2b19a881a27a54e0aa7c8dfa5a7fcd52768d69f4b66a93b657cc8e3a578cdf6411f",
    "spendableBalance": "0",
    "swapHistory": [],
    "syncHash": undefined,
    "used": false,
  },
]
`;

exports[`icon currency bridge scanAccounts icon seed 1 2`] = `
[
  [],
]
`;
