// Jest Snapshot v1, https://goo.gl/fbAQLP

exports[`finalMarkdownReport sample 1`] = `
"
# Portfolio


<details><summary><b>Funds status</b></summary>


| Currency |SEED1 | SEED2|
|--|--|--|
| Algorand | ⚠️ | ❌ |
| Bitcoin | [🙏](https://blockstream.info/address/bc1q4wwuhvp882637t80khxxph6mx5wyfzy7t0j82m) | [🙏](https://blockstream.info/address/0x9De2c901184f274d9Ae65B6d4192Ced7Ff5e051C) |
| Bitcoin Testnet | ❌ | ✅ |
| Bitcoin Cash | ✅ | [🙏](https://blockchair.com/bitcoin-cash/address/osmo13lshcl9qcv63ryc03zpw8lngnvyah2l67slpdr) |
| Bitcoin Gold | [🙏](https://btgexplorer.com/address/AQXzh2M3TsveC7MSoH94TTHM3q2HM6UAvt) | [🙏](https://btgexplorer.com/address/cro1nqy7500hrvxeu4wmffq4zr8gwgnff2evevhg40) |
| Dash | [🙏](https://explorer.dash.org/insight/address/Xkt8DxeCUnB911XsAch34Bwe6qqSBbjE3r) | ✅ |
| DigiByte | [🙏](https://digiexplorer.info/address/dgb1qht909kw83mz0gaerewqnv88206wf94legzy7r4) | [🙏](https://digiexplorer.info/address/0x932E8214E25AceC996aD7d195339AF5139625065) |
| Dogecoin | ✅ | [🙏](https://dogechain.info/address/0x932E8214E25AceC996aD7d195339AF5139625065) |
| Komodo | [🙏](https://kmdexplorer.io/address/RWksZkxzcEYoBqC1DM6PrXyKurXRew9EP2) | ✅ |
| Litecoin | [🙏](https://live.blockcypher.com/ltc/address/ltc1qv29jhv9fgevexgezrds4jrll87sqdnmz2q7ah5) | [🙏](https://live.blockcypher.com/ltc/address/0x6999fB16d0bEccB7908A0C133441eC6A50c1deD2) |
| Peercoin | [🙏](https://blockbook.peercoin.net/address/P9xs8oGpD87RUWTvGuHqrzCZu1J6vP6tr2) | [🙏](https://blockbook.peercoin.net/address/0x932E8214E25AceC996aD7d195339AF5139625065) |
| PivX | [🙏](https://chainz.cryptoid.info/pivx/address.dws?D7jqj2UpQqWe4EZhwcWDBDcatGjeVFzakr.htm) | [🙏](https://chainz.cryptoid.info/pivx/address.dws?0x932E8214E25AceC996aD7d195339AF5139625065.htm) |
| Qtum | [🙏](https://explorer.qtum.org/address/MFd4ugE9STPXmTGQqqxsfSdhNP5rx1y7we) | [🙏](https://explorer.qtum.org/address/0x932E8214E25AceC996aD7d195339AF5139625065) |
| Vertcoin | [🙏](https://vtcblocks.com/address/3CGsK5NhQWmdsCu5Ryq3thu1ufNYwPoYA3) | [🙏](https://vtcblocks.com/address/0x932E8214E25AceC996aD7d195339AF5139625065) |
| Viacoin | [🙏](https://explorer.viacoin.org/address/EZjc4W42JjgYyGt5YUGV4W2eGYD63vbYtw) | [🙏](https://explorer.viacoin.org/address/0x932E8214E25AceC996aD7d195339AF5139625065) |
| Zcash | ✅ | [🙏](https://chain.so/address/ZEC/0x932E8214E25AceC996aD7d195339AF5139625065) |
| Horizen | [🙏](https://explorer.zensystem.io/address/zneoegLhr8hh1JS6XaXrD7qGnnxqfcm4bRV) | ❌ |
| Decred | [🙏](https://mainnet.decred.org/address/DsZZvqfbnb2FtHmCzxXTMGXWqDNcrvGn4Ni) | ⚠️ |
| Cardano | ❌ | [🙏](https://cardanoscan.io/address/4fa92eaaac5210f1fec2228388f803dbf39428725dadfa025c0df125fcc6788f) |
| Celo | [🙏](https://explorer.celo.org/address/0x9De2c901184f274d9Ae65B6d4192Ced7Ff5e051C) | ❌ |
| Cosmos | ✅ | [🙏](https://www.mintscan.io/cosmos/validators/rnmiQggEzwTHNqwJFpqYGgqt1rM7K5qPhw) |
| Osmosis | [🙏](https://www.mintscan.io/osmosis/validators/osmo13lshcl9qcv63ryc03zpw8lngnvyah2l67slpdr) | [🙏](https://www.mintscan.io/osmosis/validators/8J1jPhJ1beLUJ9BLLZbRLFQtX1UWKrxiVbrvRtiPeEc9) |
| Persistence | [🙏](https://www.mintscan.io/persistence/validators/cro1nqy7500hrvxeu4wmffq4zr8gwgnff2evevhg40) | ❌ |
| Quicksilver | ✅ | ✅ |
| Onomy | [🙏](https://www.mintscan.io/onomy-protocl/validators/0x932E8214E25AceC996aD7d195339AF5139625065) | ✅ |
| Crypto.org | [🙏](https://crypto.org/explorer/account/0x932E8214E25AceC996aD7d195339AF5139625065) | ? |
| MultiversX | ✅ | ? |
| Avalanche C-Chain | [🙏](https://cchain.explorer.avax.network/address/0x6999fB16d0bEccB7908A0C133441eC6A50c1deD2) | ? |
| Binance Smart Chain | [🙏](https://bscscan.com/address/0x932E8214E25AceC996aD7d195339AF5139625065) | ? |
| Polygon | [🙏](https://polygonscan.com/address/0x932E8214E25AceC996aD7d195339AF5139625065) | ? |
| Ethereum | [🙏](https://etherscan.io/address/0x932E8214E25AceC996aD7d195339AF5139625065) | ? |
| Ethereum Classic | [🙏](https://blockscout.com/etc/mainnet/address/0x932E8214E25AceC996aD7d195339AF5139625065/transactions) | ? |
| Ethereum Goerli | [🙏](https://goerli.etherscan.io/address/0x932E8214E25AceC996aD7d195339AF5139625065) | ? |
| Arbitrum Goerli | [🙏](https://goerli.arbiscan.io/address/0x932E8214E25AceC996aD7d195339AF5139625065) | ? |
| Cronos | ❌ | ? |
| Fantom | ⚠️ | ? |
| Flare | [🙏](https://flare-explorer.flare.network/address/4fa92eaaac5210f1fec2228388f803dbf39428725dadfa025c0df125fcc6788f/transactions) | ? |
| Songbird | ❌ | ? |
| Moonbeam | [🙏](https://moonbeam.moonscan.io/address/rnmiQggEzwTHNqwJFpqYGgqt1rM7K5qPhw) | ? |
| RSK | [🙏](https://explorer.rsk.co/address/8J1jPhJ1beLUJ9BLLZbRLFQtX1UWKrxiVbrvRtiPeEc9) | ? |
| Bittorent Chain | ❌ | ? |
| Kava EVM | ✅ | ? |
| Evmos EVM | ✅ | ? |
| Optimism | [🙏](https://optimistic.etherscan.io/address/SU26L3FCVKVC6BDCOGDDV6QYDS72MB7DCYSF6RVUV6CW45FQI7PC7HKXCQ) | ? |
| Optimism Goerli | [🙏](https://goerli-optimism.etherscan.io/address/bc1q4wwuhvp882637t80khxxph6mx5wyfzy7t0j82m) | ? |
| Energy Web | ❌ | ? |
| Astar | ✅ | ? |
| Metis | [🙏](https://andromeda-explorer.metis.io/address/AQXzh2M3TsveC7MSoH94TTHM3q2HM6UAvt) | ? |
| Boba | [🙏](https://bobascan.com/address/Xkt8DxeCUnB911XsAch34Bwe6qqSBbjE3r) | ? |
| Moonriver | [🙏](https://moonriver.moonscan.io/address/dgb1qht909kw83mz0gaerewqnv88206wf94legzy7r4) | ? |
| Velas EVM | ✅ | ? |
| Syscoin | [🙏](https://explorer.syscoin.org/address/RWksZkxzcEYoBqC1DM6PrXyKurXRew9EP2) | ? |
| Filecoin | [🙏](https://filfox.info/en/address/ltc1qv29jhv9fgevexgezrds4jrll87sqdnmz2q7ah5) | ? |
| Hedera | [🙏](https://hashscan.io/mainnet/account/P9xs8oGpD87RUWTvGuHqrzCZu1J6vP6tr2) | ? |
| NEAR | [🙏](https://explorer.near.org/accounts/D7jqj2UpQqWe4EZhwcWDBDcatGjeVFzakr) | ? |
| XRP | [🙏](https://bithomp.com/explorer/MFd4ugE9STPXmTGQqqxsfSdhNP5rx1y7we) | ? |
| Solana | [🙏](https://explorer.solana.com/address/3CGsK5NhQWmdsCu5Ryq3thu1ufNYwPoYA3) | ? |
| Stellar | ⚠️ | ? |
| Tezos | ✅ | ? |
| Tron | [🙏](https://tronscan.org/#/address/zneoegLhr8hh1JS6XaXrD7qGnnxqfcm4bRV) | ? |
| Polkadot | [🙏](https://polkadot.subscan.io/account/DsZZvqfbnb2FtHmCzxXTMGXWqDNcrvGn4Ni) | ? |

</details>


<details><summary><b>Balances</b></summary>


| Currency |SEED1 | SEED2| Total |
|--|--|--|--|
| Algorand | 0 ALGO | ❌ |0 ALGO |
| Bitcoin | 0 BTC | 0 BTC |0 BTC |
| Bitcoin Testnet | ❌ | 0.0109641 𝚝BTC |0.0109641 𝚝BTC |
| Bitcoin Cash | 0.00594326 BCH | 0 BCH |0.00594326 BCH |
| Bitcoin Gold | 0 BTG | 0 BTG |0 BTG |
| Dash | 0 DASH | 2,000,000 DASH |2,000,000 DASH |
| DigiByte | 0 DGB | 0 DGB |0 DGB |
| Dogecoin | 7.47896 DOGE | 0 DOGE |7.47896 DOGE |
| Komodo | 0 KMD | 264,410,212 KMD |264,410,212 KMD |
| Litecoin | 0 LTC | 0 LTC |0 LTC |
| Peercoin | 0 PPC | 0 PPC |0 PPC |
| PivX | 0 PIVX | 0 PIVX |0 PIVX |
| Qtum | 0 QTUM | 0 QTUM |0 QTUM |
| Vertcoin | 0 VTC | 0 VTC |0 VTC |
| Viacoin | 0 VIA | 0 VIA |0 VIA |
| Zcash | 0.00656479 ZEC | 0 ZEC |0.00656479 ZEC |
| Horizen | 0 ZEN | ❌ |0 ZEN |
| Decred | 0 DCR | 0 DCR |0 DCR |
| Cardano | ❌ | 0 ADA |0 ADA |
| Celo | 0 CELO | ❌ |0 CELO |
| Cosmos | 1.09641 ATOM | 0 ATOM |1.09641 ATOM |
| Osmosis | 0 OSMO | 0 OSMO |0 OSMO |
| Persistence | 0 XPRT | ❌ |0 XPRT |
| Quicksilver | 200,000,000 QCK | 0.206466 QCK |200,000,000 QCK |
| Onomy | 0 NOM | 0 NOM |0 NOM |
| Crypto.org | 0 CRO | ? |0 CRO |
| MultiversX | 0.026441 EGLD | ? |0.026441 EGLD |
| Avalanche C-Chain | 0 AVAX | ? |0 AVAX |
| Binance Smart Chain | 0 BNB | ? |0 BNB |
| Polygon | 0 MATIC | ? |0 MATIC |
| Ethereum | 0 ETH | ? |0 ETH |
| Ethereum Classic | 0 ETC | ? |0 ETC |
| Ethereum Goerli | 0 𝚝ETH | ? |0 𝚝ETH |
| Arbitrum Goerli | 0 𝚝ETH | ? |0 𝚝ETH |
| Cronos | ❌ | ? |0 CRO |
| Fantom | 0 FTM | ? |0 FTM |
| Flare | 0 FLR | ? |0 FLR |
| Songbird | ❌ | ? |0 SGB |
| Moonbeam | 0 GLMR | ? |0 GLMR |
| RSK | 0 RBTC | ? |0 RBTC |
| Bittorent Chain | ❌ | ? |0 BTT |
| Kava EVM | 0 KAVA | ? |0 KAVA |
| Evmos EVM | 0 EVMOS | ? |0 EVMOS |
| Optimism | 0 ETH | ? |0 ETH |
| Optimism Goerli | 0 𝚝ETH | ? |0 𝚝ETH |
| Energy Web | ❌ | ? |0 EWT |
| Astar | 0 ASTR | ? |0 ASTR |
| Metis | 0 METIS | ? |0 METIS |
| Boba | 0 ETH | ? |0 ETH |
| Moonriver | 0 MOVR | ? |0 MOVR |
| Velas EVM | 0 VLX | ? |0 VLX |
| Syscoin | 0 SYS | ? |0 SYS |
| Filecoin | 0 FIL | ? |0 FIL |
| Hedera | 0 HBAR | ? |0 HBAR |
| NEAR | 0 NEAR | ? |0 NEAR |
| XRP | 0 XRP | ? |0 XRP |
| Solana | 0 SOL | ? |0 SOL |
| Stellar | 0 XLM | ? |0 XLM |
| Tezos | 0.656479 XTZ | ? |0.656479 XTZ |
| Tron | 0 TRX | ? |0 TRX |
| Polkadot | 0 DOT | ? |0 DOT |

</details>


<details><summary><b>Accounts count</b></summary>


| Currency |SEED1 | SEED2| Total |
|--|--|--|--|
| **Algorand** | 1 | ❌ |1 |
| **Bitcoin** family | 43 |50 |93 |
| Bitcoin | 4 | 1 |5 |
| Bitcoin Testnet | ❌ | 27 |27 |
| Bitcoin Cash | 7 | 1 |8 |
| Bitcoin Gold | 2 | 1 |3 |
| Dash | 1 | 6 |7 |
| DigiByte | 3 | 1 |4 |
| Dogecoin | 7 | 1 |8 |
| Komodo | 1 | 5 |6 |
| Litecoin | 3 | 1 |4 |
| Peercoin | 1 | 1 |2 |
| PivX | 1 | 1 |2 |
| Qtum | 2 | 1 |3 |
| Vertcoin | 2 | 1 |3 |
| Viacoin | 2 | 1 |3 |
| Zcash | 5 | 1 |6 |
| Horizen | 1 | ❌ |1 |
| Decred | 1 | 0 |1 |
| **Cardano** | ❌ | 2 |2 |
| **Celo** | 1 | ❌ |1 |
| **Cosmos** family | 36 |15 |51 |
| Cosmos | 27 | 1 |28 |
| Osmosis | 1 | 1 |2 |
| Persistence | 1 | ❌ |1 |
| Quicksilver | 6 | 5 |11 |
| Onomy | 1 | 8 |9 |
| **Crypto.org** | 1 | ? |1 |
| **MultiversX** | 5 | ? |5 |
| **Ethereum** family | 6 |0 |6 |
| Avalanche C-Chain | 1 | ? |1 |
| Binance Smart Chain | 1 | ? |1 |
| Polygon | 1 | ? |1 |
| Ethereum | 1 | ? |1 |
| Ethereum Classic | 1 | ? |1 |
| Ethereum Goerli | 1 | ? |1 |
| **evm** family | 44 |0 |44 |
| Arbitrum Goerli | 1 | ? |1 |
| Cronos | ❌ | ? |0 |
| Fantom | 0 | ? |0 |
| Flare | 2 | ? |2 |
| Songbird | ❌ | ? |0 |
| Moonbeam | 1 | ? |1 |
| RSK | 1 | ? |1 |
| Bittorent Chain | ❌ | ? |0 |
| Kava EVM | 5 | ? |5 |
| Evmos EVM | 8 | ? |8 |
| Optimism | 1 | ? |1 |
| Optimism Goerli | 4 | ? |4 |
| Energy Web | ❌ | ? |0 |
| Astar | 7 | ? |7 |
| Metis | 2 | ? |2 |
| Boba | 1 | ? |1 |
| Moonriver | 3 | ? |3 |
| Velas EVM | 7 | ? |7 |
| Syscoin | 1 | ? |1 |
| **Filecoin** | 3 | ? |3 |
| **Hedera** | 1 | ? |1 |
| **NEAR** | 1 | ? |1 |
| **XRP** | 2 | ? |2 |
| **Solana** | 2 | ? |2 |
| **Stellar** | 2 | ? |2 |
| **Tezos** | 5 | ? |5 |
| **Tron** | 1 | ? |1 |
| **Polkadot** | 1 | ? |1 |
| **Total** | 155 |67 |222 |

</details>


<details><summary><b>Operations count</b></summary>


| Currency |SEED1 | SEED2| Total |
|--|--|--|--|
| **Algorand** | 0 | ❌ |0 |
| **Bitcoin** family | 744 |409 |1153 |
| Bitcoin | 0 | 0 |0 |
| Bitcoin Testnet | ❌ | 326 |326 |
| Bitcoin Cash | 172 | 0 |172 |
| Bitcoin Gold | 0 | 0 |0 |
| Dash | 0 | 33 |33 |
| DigiByte | 0 | 0 |0 |
| Dogecoin | 312 | 0 |312 |
| Komodo | 0 | 50 |50 |
| Litecoin | 0 | 0 |0 |
| Peercoin | 0 | 0 |0 |
| PivX | 0 | 0 |0 |
| Qtum | 0 | 0 |0 |
| Vertcoin | 0 | 0 |0 |
| Viacoin | 0 | 0 |0 |
| Zcash | 260 | 0 |260 |
| Horizen | 0 | ❌ |0 |
| Decred | 0 | 0 |0 |
| **Cardano** | ❌ | 0 |0 |
| **Celo** | 0 | ❌ |0 |
| **Cosmos** family | 359 |253 |612 |
| Cosmos | 326 | 0 |326 |
| Osmosis | 0 | 0 |0 |
| Persistence | 0 | ❌ |0 |
| Quicksilver | 33 | 48 |81 |
| Onomy | 0 | 205 |205 |
| **Crypto.org** | 0 | ? |0 |
| **MultiversX** | 50 | ? |50 |
| **Ethereum** family | 0 |0 |0 |
| Avalanche C-Chain | 0 | ? |0 |
| Binance Smart Chain | 0 | ? |0 |
| Polygon | 0 | ? |0 |
| Ethereum | 0 | ? |0 |
| Ethereum Classic | 0 | ? |0 |
| Ethereum Goerli | 0 | ? |0 |
| **evm** family | 737 |0 |737 |
| Arbitrum Goerli | 0 | ? |0 |
| Cronos | ❌ | ? |0 |
| Fantom | 0 | ? |0 |
| Flare | 0 | ? |0 |
| Songbird | ❌ | ? |0 |
| Moonbeam | 0 | ? |0 |
| RSK | 0 | ? |0 |
| Bittorent Chain | ❌ | ? |0 |
| Kava EVM | 48 | ? |48 |
| Evmos EVM | 205 | ? |205 |
| Optimism | 0 | ? |0 |
| Optimism Goerli | 0 | ? |0 |
| Energy Web | ❌ | ? |0 |
| Astar | 172 | ? |172 |
| Metis | 0 | ? |0 |
| Boba | 0 | ? |0 |
| Moonriver | 0 | ? |0 |
| Velas EVM | 312 | ? |312 |
| Syscoin | 0 | ? |0 |
| **Filecoin** | 0 | ? |0 |
| **Hedera** | 0 | ? |0 |
| **NEAR** | 0 | ? |0 |
| **XRP** | 0 | ? |0 |
| **Solana** | 0 | ? |0 |
| **Stellar** | 0 | ? |0 |
| **Tezos** | 260 | ? |260 |
| **Tron** | 0 | ? |0 |
| **Polkadot** | 0 | ? |0 |
| **Total** | 2150 |662 |2812 |

</details>


# Performance


<details><summary><b>Sync Times</b></summary>


| Currency |SEED1 | SEED2| Total |
|--|--|--|--|
| **Algorand** | 4.68s | ❌ | |
| **Bitcoin** family |  | | |
| Bitcoin | 31s | 8.28s |39s |
| Bitcoin Testnet | ❌ | 171s | |
| Bitcoin Cash | 550s | 7.35s |557s |
| Bitcoin Gold | 25s | 11s |36s |
| Dash | 17s | 24s |41s |
| DigiByte | 22s | 38s |60s |
| Dogecoin | 120s | 11s |131s |
| Komodo | 7.01s | 102s |109s |
| Litecoin | 124s | 31s |155s |
| Peercoin | 8.39s | 16s |24s |
| PivX | 3.48s | 1.78s |5.26s |
| Qtum | 23s | 1.09s |24s |
| Vertcoin | 30s | 1.20s |31s |
| Viacoin | 13s | 0.93s |14s |
| Zcash | 317s | 0.98s |318s |
| Horizen | 31s | ❌ | |
| Decred | 91s | 0.69s |92s |
| **Cardano** | ❌ | 15s | |
| **Celo** | 8.28s | ❌ | |
| **Cosmos** family | 251s | | |
| Cosmos | 171s | 0.53s |171s |
| Osmosis | 7.35s | 22s |29s |
| Persistence | 11s | ❌ | |
| Quicksilver | 24s | 14s |38s |
| Onomy | 38s | 175s |213s |
| **Crypto.org** | 11s | ? |11s |
| **MultiversX** | 102s | ? |102s |
| **Ethereum** family | 52s | |52s |
| Avalanche C-Chain | 31s | ? |31s |
| Binance Smart Chain | 16s | ? |16s |
| Polygon | 1.78s | ? |1.78s |
| Ethereum | 1.09s | ? |1.09s |
| Ethereum Classic | 1.20s | ? |1.20s |
| Ethereum Goerli | 0.93s | ? |0.93s |
| **evm** family |  | | |
| Arbitrum Goerli | 0.98s | ? |0.98s |
| Cronos | ❌ | ? | |
| Fantom | 0.69s | ? |0.69s |
| Flare | 15s | ? |15s |
| Songbird | ❌ | ? | |
| Moonbeam | 0.53s | ? |0.53s |
| RSK | 22s | ? |22s |
| Bittorent Chain | ❌ | ? | |
| Kava EVM | 14s | ? |14s |
| Evmos EVM | 175s | ? |175s |
| Optimism | 4.68s | ? |4.68s |
| Optimism Goerli | 31s | ? |31s |
| Energy Web | ❌ | ? | |
| Astar | 550s | ? |550s |
| Metis | 25s | ? |25s |
| Boba | 17s | ? |17s |
| Moonriver | 22s | ? |22s |
| Velas EVM | 120s | ? |120s |
| Syscoin | 7.01s | ? |7.01s |
| **Filecoin** | 124s | ? |124s |
| **Hedera** | 8.39s | ? |8.39s |
| **NEAR** | 3.48s | ? |3.48s |
| **XRP** | 23s | ? |23s |
| **Solana** | 30s | ? |30s |
| **Stellar** | 13s | ? |13s |
| **Tezos** | 317s | ? |317s |
| **Tron** | 31s | ? |31s |
| **Polkadot** | 91s | ? |91s |
| **Total** |  | | |

</details>


<details><summary><b>HTTP Calls Count</b></summary>


| Currency |SEED1 | SEED2| Total |
|--|--|--|--|
| **Algorand** | 0 | ❌ |0 |
| **Bitcoin** family | 0 |0 |0 |
| Bitcoin | 0 | 0 |0 |
| Bitcoin Testnet | ❌ | 0 |0 |
| Bitcoin Cash | 0 | 0 |0 |
| Bitcoin Gold | 0 | 0 |0 |
| Dash | 0 | 0 |0 |
| DigiByte | 0 | 0 |0 |
| Dogecoin | 0 | 0 |0 |
| Komodo | 0 | 0 |0 |
| Litecoin | 0 | 0 |0 |
| Peercoin | 0 | 0 |0 |
| PivX | 0 | 0 |0 |
| Qtum | 0 | 0 |0 |
| Vertcoin | 0 | 0 |0 |
| Viacoin | 0 | 0 |0 |
| Zcash | 0 | 0 |0 |
| Horizen | 0 | ❌ |0 |
| Decred | 0 | 0 |0 |
| **Cardano** | ❌ | 0 |0 |
| **Celo** | 0 | ❌ |0 |
| **Cosmos** family | 0 |0 |0 |
| Cosmos | 0 | 0 |0 |
| Osmosis | 0 | 0 |0 |
| Persistence | 0 | ❌ |0 |
| Quicksilver | 0 | 0 |0 |
| Onomy | 0 | 0 |0 |
| **Crypto.org** | 0 | ? |0 |
| **MultiversX** | 0 | ? |0 |
| **Ethereum** family | 0 |0 |0 |
| Avalanche C-Chain | 0 | ? |0 |
| Binance Smart Chain | 0 | ? |0 |
| Polygon | 0 | ? |0 |
| Ethereum | 0 | ? |0 |
| Ethereum Classic | 0 | ? |0 |
| Ethereum Goerli | 0 | ? |0 |
| **evm** family | 0 |0 |0 |
| Arbitrum Goerli | 0 | ? |0 |
| Cronos | ❌ | ? |0 |
| Fantom | 0 | ? |0 |
| Flare | 0 | ? |0 |
| Songbird | ❌ | ? |0 |
| Moonbeam | 0 | ? |0 |
| RSK | 0 | ? |0 |
| Bittorent Chain | ❌ | ? |0 |
| Kava EVM | 0 | ? |0 |
| Evmos EVM | 0 | ? |0 |
| Optimism | 0 | ? |0 |
| Optimism Goerli | 0 | ? |0 |
| Energy Web | ❌ | ? |0 |
| Astar | 0 | ? |0 |
| Metis | 0 | ? |0 |
| Boba | 0 | ? |0 |
| Moonriver | 0 | ? |0 |
| Velas EVM | 0 | ? |0 |
| Syscoin | 0 | ? |0 |
| **Filecoin** | 0 | ? |0 |
| **Hedera** | 0 | ? |0 |
| **NEAR** | 0 | ? |0 |
| **XRP** | 0 | ? |0 |
| **Solana** | 0 | ? |0 |
| **Stellar** | 0 | ? |0 |
| **Tezos** | 0 | ? |0 |
| **Tron** | 0 | ? |0 |
| **Polkadot** | 0 | ? |0 |
| **Total** | 0 |0 |0 |

</details>


<details><summary><b>HTTP Bandwidth</b></summary>


| Currency |SEED1 | SEED2| Total |
|--|--|--|--|
| **Algorand** |  | ❌ | |
| **Bitcoin** family |  | | |
| Bitcoin |  |  | |
| Bitcoin Testnet | ❌ |  | |
| Bitcoin Cash |  |  | |
| Bitcoin Gold |  |  | |
| Dash |  |  | |
| DigiByte |  |  | |
| Dogecoin |  |  | |
| Komodo |  |  | |
| Litecoin |  |  | |
| Peercoin |  |  | |
| PivX |  |  | |
| Qtum |  |  | |
| Vertcoin |  |  | |
| Viacoin |  |  | |
| Zcash |  |  | |
| Horizen |  | ❌ | |
| Decred |  |  | |
| **Cardano** | ❌ |  | |
| **Celo** |  | ❌ | |
| **Cosmos** family |  | | |
| Cosmos |  |  | |
| Osmosis |  |  | |
| Persistence |  | ❌ | |
| Quicksilver |  |  | |
| Onomy |  |  | |
| **Crypto.org** |  | ? | |
| **MultiversX** |  | ? | |
| **Ethereum** family |  | | |
| Avalanche C-Chain |  | ? | |
| Binance Smart Chain |  | ? | |
| Polygon |  | ? | |
| Ethereum |  | ? | |
| Ethereum Classic |  | ? | |
| Ethereum Goerli |  | ? | |
| **evm** family |  | | |
| Arbitrum Goerli |  | ? | |
| Cronos | ❌ | ? | |
| Fantom |  | ? | |
| Flare |  | ? | |
| Songbird | ❌ | ? | |
| Moonbeam |  | ? | |
| RSK |  | ? | |
| Bittorent Chain | ❌ | ? | |
| Kava EVM |  | ? | |
| Evmos EVM |  | ? | |
| Optimism |  | ? | |
| Optimism Goerli |  | ? | |
| Energy Web | ❌ | ? | |
| Astar |  | ? | |
| Metis |  | ? | |
| Boba |  | ? | |
| Moonriver |  | ? | |
| Velas EVM |  | ? | |
| Syscoin |  | ? | |
| **Filecoin** |  | ? | |
| **Hedera** |  | ? | |
| **NEAR** |  | ? | |
| **XRP** |  | ? | |
| **Solana** |  | ? | |
| **Stellar** |  | ? | |
| **Tezos** |  | ? | |
| **Tron** |  | ? | |
| **Polkadot** |  | ? | |
| **Total** |  | | |

</details>


<details><summary><b>Duplicate HTTP Calls</b></summary>


| Currency |SEED1 | SEED2| Total |
|--|--|--|--|
| **Algorand** | 0 | ❌ |0 |
| **Bitcoin** family | 0 |0 |0 |
| Bitcoin | 0 | 0 |0 |
| Bitcoin Testnet | ❌ | 0 |0 |
| Bitcoin Cash | 0 | 0 |0 |
| Bitcoin Gold | 0 | 0 |0 |
| Dash | 0 | 0 |0 |
| DigiByte | 0 | 0 |0 |
| Dogecoin | 0 | 0 |0 |
| Komodo | 0 | 0 |0 |
| Litecoin | 0 | 0 |0 |
| Peercoin | 0 | 0 |0 |
| PivX | 0 | 0 |0 |
| Qtum | 0 | 0 |0 |
| Vertcoin | 0 | 0 |0 |
| Viacoin | 0 | 0 |0 |
| Zcash | 0 | 0 |0 |
| Horizen | 0 | ❌ |0 |
| Decred | 0 | 0 |0 |
| **Cardano** | ❌ | 0 |0 |
| **Celo** | 0 | ❌ |0 |
| **Cosmos** family | 0 |0 |0 |
| Cosmos | 0 | 0 |0 |
| Osmosis | 0 | 0 |0 |
| Persistence | 0 | ❌ |0 |
| Quicksilver | 0 | 0 |0 |
| Onomy | 0 | 0 |0 |
| **Crypto.org** | 0 | ? |0 |
| **MultiversX** | 0 | ? |0 |
| **Ethereum** family | 0 |0 |0 |
| Avalanche C-Chain | 0 | ? |0 |
| Binance Smart Chain | 0 | ? |0 |
| Polygon | 0 | ? |0 |
| Ethereum | 0 | ? |0 |
| Ethereum Classic | 0 | ? |0 |
| Ethereum Goerli | 0 | ? |0 |
| **evm** family | 0 |0 |0 |
| Arbitrum Goerli | 0 | ? |0 |
| Cronos | ❌ | ? |0 |
| Fantom | 0 | ? |0 |
| Flare | 0 | ? |0 |
| Songbird | ❌ | ? |0 |
| Moonbeam | 0 | ? |0 |
| RSK | 0 | ? |0 |
| Bittorent Chain | ❌ | ? |0 |
| Kava EVM | 0 | ? |0 |
| Evmos EVM | 0 | ? |0 |
| Optimism | 0 | ? |0 |
| Optimism Goerli | 0 | ? |0 |
| Energy Web | ❌ | ? |0 |
| Astar | 0 | ? |0 |
| Metis | 0 | ? |0 |
| Boba | 0 | ? |0 |
| Moonriver | 0 | ? |0 |
| Velas EVM | 0 | ? |0 |
| Syscoin | 0 | ? |0 |
| **Filecoin** | 0 | ? |0 |
| **Hedera** | 0 | ? |0 |
| **NEAR** | 0 | ? |0 |
| **XRP** | 0 | ? |0 |
| **Solana** | 0 | ? |0 |
| **Stellar** | 0 | ? |0 |
| **Tezos** | 0 | ? |0 |
| **Tron** | 0 | ? |0 |
| **Polkadot** | 0 | ? |0 |
| **Total** | 0 |0 |0 |

</details>


<details><summary><b>Accounts Data Size</b></summary>


| Currency |SEED1 | SEED2| Total |
|--|--|--|--|
| **Algorand** |  | ❌ | |
| **Bitcoin** family |  | | |
| Bitcoin |  |  | |
| Bitcoin Testnet | ❌ |  | |
| Bitcoin Cash |  |  | |
| Bitcoin Gold |  |  | |
| Dash |  |  | |
| DigiByte |  |  | |
| Dogecoin | 827kb |  | |
| Komodo |  |  | |
| Litecoin |  |  | |
| Peercoin |  |  | |
| PivX |  |  | |
| Qtum |  |  | |
| Vertcoin |  |  | |
| Viacoin |  |  | |
| Zcash |  |  | |
| Horizen |  | ❌ | |
| Decred |  |  | |
| **Cardano** | ❌ |  | |
| **Celo** |  | ❌ | |
| **Cosmos** family |  | | |
| Cosmos |  |  | |
| Osmosis |  |  | |
| Persistence |  | ❌ | |
| Quicksilver |  |  | |
| Onomy |  |  | |
| **Crypto.org** |  | ? | |
| **MultiversX** |  | ? | |
| **Ethereum** family |  | | |
| Avalanche C-Chain |  | ? | |
| Binance Smart Chain |  | ? | |
| Polygon |  | ? | |
| Ethereum |  | ? | |
| Ethereum Classic |  | ? | |
| Ethereum Goerli |  | ? | |
| **evm** family |  | | |
| Arbitrum Goerli |  | ? | |
| Cronos | ❌ | ? | |
| Fantom |  | ? | |
| Flare |  | ? | |
| Songbird | ❌ | ? | |
| Moonbeam |  | ? | |
| RSK |  | ? | |
| Bittorent Chain | ❌ | ? | |
| Kava EVM |  | ? | |
| Evmos EVM |  | ? | |
| Optimism |  | ? | |
| Optimism Goerli |  | ? | |
| Energy Web | ❌ | ? | |
| Astar |  | ? | |
| Metis |  | ? | |
| Boba |  | ? | |
| Moonriver |  | ? | |
| Velas EVM | 827kb | ? |827kb |
| Syscoin |  | ? | |
| **Filecoin** |  | ? | |
| **Hedera** |  | ? | |
| **NEAR** |  | ? | |
| **XRP** |  | ? | |
| **Solana** |  | ? | |
| **Stellar** |  | ? | |
| **Tezos** |  | ? | |
| **Tron** |  | ? | |
| **Polkadot** |  | ? | |
| **Total** |  | | |

</details>


<details><summary><b>Currency Preloaded Data Size</b></summary>


| Currency |SEED1 | SEED2| Total |
|--|--|--|--|
| **Algorand** |  | ❌ | |
| **Bitcoin** family |  | | |
| Bitcoin |  |  | |
| Bitcoin Testnet | ❌ |  | |
| Bitcoin Cash |  |  | |
| Bitcoin Gold |  |  | |
| Dash |  |  | |
| DigiByte |  |  | |
| Dogecoin | 0kb |  | |
| Komodo |  |  | |
| Litecoin |  |  | |
| Peercoin |  |  | |
| PivX |  |  | |
| Qtum |  |  | |
| Vertcoin |  |  | |
| Viacoin |  |  | |
| Zcash |  |  | |
| Horizen |  | ❌ | |
| Decred |  |  | |
| **Cardano** | ❌ |  | |
| **Celo** |  | ❌ | |
| **Cosmos** family |  | | |
| Cosmos |  |  | |
| Osmosis |  |  | |
| Persistence |  | ❌ | |
| Quicksilver |  |  | |
| Onomy |  |  | |
| **Crypto.org** |  | ? | |
| **MultiversX** |  | ? | |
| **Ethereum** family |  | | |
| Avalanche C-Chain |  | ? | |
| Binance Smart Chain |  | ? | |
| Polygon |  | ? | |
| Ethereum |  | ? | |
| Ethereum Classic |  | ? | |
| Ethereum Goerli |  | ? | |
| **evm** family |  | | |
| Arbitrum Goerli |  | ? | |
| Cronos | ❌ | ? | |
| Fantom |  | ? | |
| Flare |  | ? | |
| Songbird | ❌ | ? | |
| Moonbeam |  | ? | |
| RSK |  | ? | |
| Bittorent Chain | ❌ | ? | |
| Kava EVM |  | ? | |
| Evmos EVM |  | ? | |
| Optimism |  | ? | |
| Optimism Goerli |  | ? | |
| Energy Web | ❌ | ? | |
| Astar |  | ? | |
| Metis |  | ? | |
| Boba |  | ? | |
| Moonriver |  | ? | |
| Velas EVM | 0kb | ? |0kb |
| Syscoin |  | ? | |
| **Filecoin** |  | ? | |
| **Hedera** |  | ? | |
| **NEAR** |  | ? | |
| **XRP** |  | ? | |
| **Solana** |  | ? | |
| **Stellar** |  | ? | |
| **Tezos** |  | ? | |
| **Tron** |  | ? | |
| **Polkadot** |  | ? | |
| **Total** |  | | |

</details>


<details><summary><b>CPU user time</b></summary>


| Currency |SEED1 | SEED2| Total |
|--|--|--|--|
| **Algorand** | 0.04s | ❌ | |
| **Bitcoin** family |  | | |
| Bitcoin | 1.14s | 0.11s |1.25s |
| Bitcoin Testnet | ❌ | 2.05s | |
| Bitcoin Cash | 2.67s | 0.08s |2.75s |
| Bitcoin Gold | 1.14s | 0.09s |1.23s |
| Dash | 0.16s | 0.94s |1.10s |
| DigiByte | 0.51s | 0.91s |1.42s |
| Dogecoin | 3.34s | 0.17s |3.51s |
| Komodo | 0.15s | 1.68s |1.83s |
| Litecoin | 1.16s | 1.00s |2.16s |
| Peercoin | 0.15s | 0.17s |0.32s |
| PivX | 0.14s | 0.09s |0.23s |
| Qtum | 0.76s | 0.07s |0.83s |
| Vertcoin | 1.06s | 0.08s |1.15s |
| Viacoin | 0.20s | 0.07s |0.27s |
| Zcash | 1.84s | 0.08s |1.92s |
| Horizen | 0.99s | ❌ | |
| Decred | 0.98s | 0.04s |1.02s |
| **Cardano** | ❌ | 0.44s | |
| **Celo** | 0.11s | ❌ | |
| **Cosmos** family | 4.06s | | |
| Cosmos | 2.05s | 0.04s |2.09s |
| Osmosis | 0.08s | 0.37s |0.44s |
| Persistence | 0.09s | ❌ | |
| Quicksilver | 0.94s | 0.15s |1.09s |
| Onomy | 0.91s | 4.20s |5.11s |
| **Crypto.org** | 0.17s | ? |0.17s |
| **MultiversX** | 1.68s | ? |1.68s |
| **Ethereum** family | 1.49s | |1.49s |
| Avalanche C-Chain | 1.00s | ? |1.00s |
| Binance Smart Chain | 0.17s | ? |0.17s |
| Polygon | 0.09s | ? |0.09s |
| Ethereum | 0.07s | ? |0.07s |
| Ethereum Classic | 0.08s | ? |0.08s |
| Ethereum Goerli | 0.07s | ? |0.07s |
| **evm** family |  | | |
| Arbitrum Goerli | 0.08s | ? |0.08s |
| Cronos | ❌ | ? | |
| Fantom | 0.04s | ? |0.04s |
| Flare | 0.44s | ? |0.44s |
| Songbird | ❌ | ? | |
| Moonbeam | 0.04s | ? |0.04s |
| RSK | 0.37s | ? |0.37s |
| Bittorent Chain | ❌ | ? | |
| Kava EVM | 0.15s | ? |0.15s |
| Evmos EVM | 4.20s | ? |4.20s |
| Optimism | 0.04s | ? |0.04s |
| Optimism Goerli | 1.14s | ? |1.14s |
| Energy Web | ❌ | ? | |
| Astar | 2.67s | ? |2.67s |
| Metis | 1.14s | ? |1.14s |
| Boba | 0.16s | ? |0.16s |
| Moonriver | 0.51s | ? |0.51s |
| Velas EVM | 3.34s | ? |3.34s |
| Syscoin | 0.15s | ? |0.15s |
| **Filecoin** | 1.16s | ? |1.16s |
| **Hedera** | 0.15s | ? |0.15s |
| **NEAR** | 0.14s | ? |0.14s |
| **XRP** | 0.76s | ? |0.76s |
| **Solana** | 1.06s | ? |1.06s |
| **Stellar** | 0.20s | ? |0.20s |
| **Tezos** | 1.84s | ? |1.84s |
| **Tron** | 0.99s | ? |0.99s |
| **Polkadot** | 0.98s | ? |0.98s |
| **Total** |  | | |

</details>


<details><summary><b>Memory RSS</b></summary>


| Currency |SEED1 | SEED2|
|--|--|--|
| Algorand | 279mb | ❌ |
| Bitcoin | 226mb | 278mb |
| Bitcoin Testnet | ❌ | 224mb |
| Bitcoin Cash | 223mb | 265mb |
| Bitcoin Gold | 224mb | 262mb |
| Dash | 279mb | 223mb |
| DigiByte | 230mb | 222mb |
| Dogecoin | 241mb | 262mb |
| Komodo | 271mb | 232mb |
| Litecoin | 182mb | 222mb |
| Peercoin | 273mb | 260mb |
| PivX | 279mb | 277mb |
| Qtum | 224mb | 271mb |
| Vertcoin | 224mb | 262mb |
| Viacoin | 269mb | 272mb |
| Zcash | 231mb | 276mb |
| Horizen | 224mb | ❌ |
| Decred | 222mb | 277mb |
| Cardano | ❌ | 257mb |
| Celo | 278mb | ❌ |
| Cosmos | 224mb | 269mb |
| Osmosis | 265mb | 288mb |
| Persistence | 262mb | ❌ |
| Quicksilver | 223mb | 265mb |
| Onomy | 222mb | 239mb |
| Crypto.org | 262mb | ? |
| MultiversX | 232mb | ? |
| Avalanche C-Chain | 222mb | ? |
| Binance Smart Chain | 260mb | ? |
| Polygon | 277mb | ? |
| Ethereum | 271mb | ? |
| Ethereum Classic | 262mb | ? |
| Ethereum Goerli | 272mb | ? |
| Arbitrum Goerli | 276mb | ? |
| Cronos | ❌ | ? |
| Fantom | 277mb | ? |
| Flare | 257mb | ? |
| Songbird | ❌ | ? |
| Moonbeam | 269mb | ? |
| RSK | 288mb | ? |
| Bittorent Chain | ❌ | ? |
| Kava EVM | 265mb | ? |
| Evmos EVM | 239mb | ? |
| Optimism | 279mb | ? |
| Optimism Goerli | 226mb | ? |
| Energy Web | ❌ | ? |
| Astar | 223mb | ? |
| Metis | 224mb | ? |
| Boba | 279mb | ? |
| Moonriver | 230mb | ? |
| Velas EVM | 241mb | ? |
| Syscoin | 271mb | ? |
| Filecoin | 182mb | ? |
| Hedera | 273mb | ? |
| NEAR | 279mb | ? |
| XRP | 224mb | ? |
| Solana | 224mb | ? |
| Stellar | 269mb | ? |
| Tezos | 231mb | ? |
| Tron | 224mb | ? |
| Polkadot | 222mb | ? |

</details>


<details><summary><b>JS Boot Time</b></summary>


| Currency |SEED1 | SEED2|
|--|--|--|
| Algorand |  | ❌ |
| Bitcoin |  |  |
| Bitcoin Testnet | ❌ |  |
| Bitcoin Cash |  |  |
| Bitcoin Gold |  |  |
| Dash |  |  |
| DigiByte |  |  |
| Dogecoin |  |  |
| Komodo |  |  |
| Litecoin |  |  |
| Peercoin |  |  |
| PivX |  |  |
| Qtum |  |  |
| Vertcoin |  |  |
| Viacoin |  |  |
| Zcash |  |  |
| Horizen |  | ❌ |
| Decred |  |  |
| Cardano | ❌ |  |
| Celo |  | ❌ |
| Cosmos |  |  |
| Osmosis |  |  |
| Persistence |  | ❌ |
| Quicksilver |  |  |
| Onomy |  |  |
| Crypto.org |  | ? |
| MultiversX |  | ? |
| Avalanche C-Chain |  | ? |
| Binance Smart Chain |  | ? |
| Polygon |  | ? |
| Ethereum |  | ? |
| Ethereum Classic |  | ? |
| Ethereum Goerli |  | ? |
| Arbitrum Goerli |  | ? |
| Cronos | ❌ | ? |
| Fantom |  | ? |
| Flare |  | ? |
| Songbird | ❌ | ? |
| Moonbeam |  | ? |
| RSK |  | ? |
| Bittorent Chain | ❌ | ? |
| Kava EVM |  | ? |
| Evmos EVM |  | ? |
| Optimism |  | ? |
| Optimism Goerli |  | ? |
| Energy Web | ❌ | ? |
| Astar |  | ? |
| Metis |  | ? |
| Boba |  | ? |
| Moonriver |  | ? |
| Velas EVM |  | ? |
| Syscoin |  | ? |
| Filecoin |  | ? |
| Hedera |  | ? |
| NEAR |  | ? |
| XRP |  | ? |
| Solana |  | ? |
| Stellar |  | ? |
| Tezos |  | ? |
| Tron |  | ? |
| Polkadot |  | ? |

</details>


<details><summary><b>JS Slow Frames</b></summary>


| Currency |SEED1 | SEED2| Total |
|--|--|--|--|
| **Algorand** |  | ❌ |✅ |
| **Bitcoin** family | ✅ |✅ |✅ |
| Bitcoin |  |  |✅ |
| Bitcoin Testnet | ❌ |  |✅ |
| Bitcoin Cash |  |  |✅ |
| Bitcoin Gold |  |  |✅ |
| Dash |  |  |✅ |
| DigiByte |  |  |✅ |
| Dogecoin |  |  |✅ |
| Komodo |  |  |✅ |
| Litecoin |  |  |✅ |
| Peercoin |  |  |✅ |
| PivX |  |  |✅ |
| Qtum |  |  |✅ |
| Vertcoin |  |  |✅ |
| Viacoin |  |  |✅ |
| Zcash |  |  |✅ |
| Horizen |  | ❌ |✅ |
| Decred |  |  |✅ |
| **Cardano** | ❌ |  |✅ |
| **Celo** |  | ❌ |✅ |
| **Cosmos** family | ✅ |✅ |✅ |
| Cosmos |  |  |✅ |
| Osmosis |  |  |✅ |
| Persistence |  | ❌ |✅ |
| Quicksilver |  |  |✅ |
| Onomy |  |  |✅ |
| **Crypto.org** |  | ? |✅ |
| **MultiversX** |  | ? |✅ |
| **Ethereum** family | ✅ |✅ |✅ |
| Avalanche C-Chain |  | ? |✅ |
| Binance Smart Chain |  | ? |✅ |
| Polygon |  | ? |✅ |
| Ethereum |  | ? |✅ |
| Ethereum Classic |  | ? |✅ |
| Ethereum Goerli |  | ? |✅ |
| **evm** family | ✅ |✅ |✅ |
| Arbitrum Goerli |  | ? |✅ |
| Cronos | ❌ | ? |✅ |
| Fantom |  | ? |✅ |
| Flare |  | ? |✅ |
| Songbird | ❌ | ? |✅ |
| Moonbeam |  | ? |✅ |
| RSK |  | ? |✅ |
| Bittorent Chain | ❌ | ? |✅ |
| Kava EVM |  | ? |✅ |
| Evmos EVM |  | ? |✅ |
| Optimism |  | ? |✅ |
| Optimism Goerli |  | ? |✅ |
| Energy Web | ❌ | ? |✅ |
| Astar |  | ? |✅ |
| Metis |  | ? |✅ |
| Boba |  | ? |✅ |
| Moonriver |  | ? |✅ |
| Velas EVM |  | ? |✅ |
| Syscoin |  | ? |✅ |
| **Filecoin** |  | ? |✅ |
| **Hedera** |  | ? |✅ |
| **NEAR** |  | ? |✅ |
| **XRP** |  | ? |✅ |
| **Solana** |  | ? |✅ |
| **Stellar** |  | ? |✅ |
| **Tezos** |  | ? |✅ |
| **Tron** |  | ? |✅ |
| **Polkadot** |  | ? |✅ |
| **Total** | ✅ |✅ |✅ |

</details>



# Errors
- SEED2: Algorand: DeviceVersionUnsupported: Device app version 6.0.1 unsupported, recommended version is 5.0.
- SEED1: Bitcoin Testnet: Error: scan accounts timeout for currency Bitcoin Testnet
- SEED1: Bittorent Chain: TypeError: Cannot read properties of undefined (reading 'length')
- SEED1: cardano: DeviceVersionUnsupported: Device app version 6.0.1 unsupported, recommended version is 5.0.
- SEED2: Celo: Error: no app found for Polkadot. Are you sure your COINAPPS is up to date?
- SEED1: Cronos: LedgerAPI5xx: API HTTP 503
- SEED1: Energy Web: Error: scan accounts timeout for currency Bitcoin Testnet
- SEED2: Horizen: LedgerAPI5xx: API HTTP 503
- SEED2: persistence: TypeError: Cannot read properties of undefined (reading 'length')
- SEED1: Songbird: Error: no app found for Polkadot. Are you sure your COINAPPS is up to date?"
`;
